Archive member included to satisfy reference by file (symbol)

c:/program files (x86)/embitz/1.11/share/em_armgcc/bin/../lib/gcc/arm-none-eabi/5.4.1/../../../../arm-none-eabi/lib/armv7e-m/softfp\libc_n.a(lib_a-abs.o)
                              obj\teia_uwb_tag\application\teia_routines.o (symbol from plugin) (abs)
c:/program files (x86)/embitz/1.11/share/em_armgcc/bin/../lib/gcc/arm-none-eabi/5.4.1/../../../../arm-none-eabi/lib/armv7e-m/softfp\libc_n.a(lib_a-memcpy-stub.o)
                              obj\teia_uwb_tag\~#\nrf5_sdk_12.3.0_d7731ad\external\segger_rtt\segger_rtt.o (symbol from plugin) (memcpy)
c:/program files (x86)/embitz/1.11/share/em_armgcc/bin/../lib/gcc/arm-none-eabi/5.4.1/../../../../arm-none-eabi/lib/armv7e-m/softfp\libc_n.a(lib_a-memset.o)
                              obj\teia_uwb_tag\~#\nrf5_sdk_12.3.0_d7731ad\components\softdevice\common\softdevice_handler\softdevice_handler.o (symbol from plugin) (memset)
c:/program files (x86)/embitz/1.11/share/em_armgcc/bin/../lib/gcc/arm-none-eabi/5.4.1/../../../../arm-none-eabi/lib/armv7e-m/softfp\libc_n.a(lib_a-printf.o)
                              obj\teia_uwb_tag\application\teia_routines.o (symbol from plugin) (printf)
c:/program files (x86)/embitz/1.11/share/em_armgcc/bin/../lib/gcc/arm-none-eabi/5.4.1/../../../../arm-none-eabi/lib/armv7e-m/softfp\libc_n.a(lib_a-rand.o)
                              obj\teia_uwb_tag\platform\timing.o (symbol from plugin) (rand)
c:/program files (x86)/embitz/1.11/share/em_armgcc/bin/../lib/gcc/arm-none-eabi/5.4.1/../../../../arm-none-eabi/lib/armv7e-m/softfp\libc_n.a(lib_a-strcpy.o)
                              obj\teia_uwb_tag\~#\nrf5_sdk_12.3.0_d7731ad\external\segger_rtt\segger_rtt.o (symbol from plugin) (strcpy)
c:/program files (x86)/embitz/1.11/share/em_armgcc/bin/../lib/gcc/arm-none-eabi/5.4.1/../../../../arm-none-eabi/lib/armv7e-m/softfp\libc_n.a(lib_a-strlen.o)
                              obj\teia_uwb_tag\~#\nrf5_sdk_12.3.0_d7731ad\external\segger_rtt\segger_rtt.o (symbol from plugin) (strlen)
c:/program files (x86)/embitz/1.11/share/em_armgcc/bin/../lib/gcc/arm-none-eabi/5.4.1/../../../../arm-none-eabi/lib/armv7e-m/softfp\libc_n.a(lib_a-findfp.o)
                              c:/program files (x86)/embitz/1.11/share/em_armgcc/bin/../lib/gcc/arm-none-eabi/5.4.1/../../../../arm-none-eabi/lib/armv7e-m/softfp\libc_n.a(lib_a-printf.o) (__sinit)
c:/program files (x86)/embitz/1.11/share/em_armgcc/bin/../lib/gcc/arm-none-eabi/5.4.1/../../../../arm-none-eabi/lib/armv7e-m/softfp\libc_n.a(lib_a-fwalk.o)
                              c:/program files (x86)/embitz/1.11/share/em_armgcc/bin/../lib/gcc/arm-none-eabi/5.4.1/../../../../arm-none-eabi/lib/armv7e-m/softfp\libc_n.a(lib_a-findfp.o) (_fwalk)
c:/program files (x86)/embitz/1.11/share/em_armgcc/bin/../lib/gcc/arm-none-eabi/5.4.1/../../../../arm-none-eabi/lib/armv7e-m/softfp\libc_n.a(lib_a-impure.o)
                              c:/program files (x86)/embitz/1.11/share/em_armgcc/bin/../lib/gcc/arm-none-eabi/5.4.1/../../../../arm-none-eabi/lib/armv7e-m/softfp\libc_n.a(lib_a-findfp.o) (_global_impure_ptr)
c:/program files (x86)/embitz/1.11/share/em_armgcc/bin/../lib/gcc/arm-none-eabi/5.4.1/../../../../arm-none-eabi/lib/armv7e-m/softfp\libc_n.a(lib_a-malloc.o)
                              c:/program files (x86)/embitz/1.11/share/em_armgcc/bin/../lib/gcc/arm-none-eabi/5.4.1/../../../../arm-none-eabi/lib/armv7e-m/softfp\libc_n.a(lib_a-rand.o) (malloc)
c:/program files (x86)/embitz/1.11/share/em_armgcc/bin/../lib/gcc/arm-none-eabi/5.4.1/../../../../arm-none-eabi/lib/armv7e-m/softfp\libc_n.a(lib_a-nano-freer.o)
                              c:/program files (x86)/embitz/1.11/share/em_armgcc/bin/../lib/gcc/arm-none-eabi/5.4.1/../../../../arm-none-eabi/lib/armv7e-m/softfp\libc_n.a(lib_a-malloc.o) (_free_r)
c:/program files (x86)/embitz/1.11/share/em_armgcc/bin/../lib/gcc/arm-none-eabi/5.4.1/../../../../arm-none-eabi/lib/armv7e-m/softfp\libc_n.a(lib_a-nano-mallocr.o)
                              c:/program files (x86)/embitz/1.11/share/em_armgcc/bin/../lib/gcc/arm-none-eabi/5.4.1/../../../../arm-none-eabi/lib/armv7e-m/softfp\libc_n.a(lib_a-findfp.o) (_malloc_r)
c:/program files (x86)/embitz/1.11/share/em_armgcc/bin/../lib/gcc/arm-none-eabi/5.4.1/../../../../arm-none-eabi/lib/armv7e-m/softfp\libc_n.a(lib_a-nano-vfprintf.o)
                              c:/program files (x86)/embitz/1.11/share/em_armgcc/bin/../lib/gcc/arm-none-eabi/5.4.1/../../../../arm-none-eabi/lib/armv7e-m/softfp\libc_n.a(lib_a-printf.o) (_vfprintf_r)
c:/program files (x86)/embitz/1.11/share/em_armgcc/bin/../lib/gcc/arm-none-eabi/5.4.1/../../../../arm-none-eabi/lib/armv7e-m/softfp\libc_n.a(lib_a-nano-vfprintf_i.o)
                              c:/program files (x86)/embitz/1.11/share/em_armgcc/bin/../lib/gcc/arm-none-eabi/5.4.1/../../../../arm-none-eabi/lib/armv7e-m/softfp\libc_n.a(lib_a-nano-vfprintf.o) (_printf_i)
[...]
Memory Configuration

Name             Origin             Length             Attributes
FLASH            0x0001f000         0x00054000         xr
RAM              0x200019c0         0x0000e640         xrw
*default*        0x00000000         0xffffffff

Linker script and memory map


.text           0x0001f000     0x9413
 *(.isr_vector)
 .isr_vector    0x0001f000      0x400 obj\teia_uwb_tag\gcc_startup_nrf52.o
                0x0001f000                __isr_vector
 *(.text*)
 .text._RTC2_evt_handler
                0x0001f400       0xb0 C:\Users\user\AppData\Local\Temp\ccLO868O.ltrans0.ltrans.o
 .text.rtc_configuration
                0x0001f4b0       0x60 C:\Users\user\AppData\Local\Temp\ccLO868O.ltrans0.ltrans.o
                0x0001f4b0                rtc_configuration
 .text.get_RTC_counter
                0x0001f510       0x5c C:\Users\user\AppData\Local\Temp\ccLO868O.ltrans0.ltrans.o
 .text.RTC_CC_set
                0x0001f56c       0xa0 C:\Users\user\AppData\Local\Temp\ccLO868O.ltrans0.ltrans.o
                0x0001f56c                RTC_CC_set
 .text._GPIO_IRQ_handler
                0x0001f60c       0x38 C:\Users\user\AppData\Local\Temp\ccLO868O.ltrans0.ltrans.o
 .text.ext_irq_init
                0x0001f644       0xa4 C:\Users\user\AppData\Local\Temp\ccLO868O.ltrans0.ltrans.o
                0x0001f644                ext_irq_init
 .text.UWB_IRQ_enable
                0x0001f6e8        0xc C:\Users\user\AppData\Local\Temp\ccLO868O.ltrans0.ltrans.o
                0x0001f6e8                UWB_IRQ_enable
 .text.GPIO_IRQ_enable
                0x0001f6f4        0xc C:\Users\user\AppData\Local\Temp\ccLO868O.ltrans0.ltrans.o
                0x0001f6f4                GPIO_IRQ_enable
 .text.do_SWResetMCU
                0x0001f700       0x28 C:\Users\user\AppData\Local\Temp\ccLO868O.ltrans0.ltrans.o
                0x0001f700                do_SWResetMCU
 .text.nrf_delay_us
                0x0001f728       0x9c C:\Users\user\AppData\Local\Temp\ccLO868O.ltrans0.ltrans.o
 .text.nrf_delay_ms
                0x0001f7c4       0x1c C:\Users\user\AppData\Local\Temp\ccLO868O.ltrans0.ltrans.o
 .text.delay_us
                0x0001f7e0       0x14 C:\Users\user\AppData\Local\Temp\ccLO868O.ltrans0.ltrans.o
                0x0001f7e0                delay_us
 .text.delay_ms
                0x0001f7f4       0x14 C:\Users\user\AppData\Local\Temp\ccLO868O.ltrans0.ltrans.o
                0x0001f7f4                delay_ms
 .text.delay_and_sleep
                0x0001f808       0xa4 C:\Users\user\AppData\Local\Temp\ccLO868O.ltrans0.ltrans.o
                0x0001f808                delay_and_sleep
 .text.get_RTC_timestamp
                0x0001f8ac       0x38 C:\Users\user\AppData\Local\Temp\ccLO868O.ltrans0.ltrans.o
                0x0001f8ac                get_RTC_timestamp
 *fill*         0x0001f8e4        0x4 
 .text.convertTime2Ticks
                0x0001f8e8       0x64 C:\Users\user\AppData\Local\Temp\ccLO868O.ltrans0.ltrans.o
 .text.nrf_gpio_port_in_read.lto_priv.168
                0x0001f94c       0x10 C:\Users\user\AppData\Local\Temp\ccLO868O.ltrans1.ltrans.o
                0x0001f94c                nrf_gpio_port_in_read.lto_priv.168
 .text.nrf_gpio_port_out_set.lto_priv.170
                0x0001f95c       0x14 C:\Users\user\AppData\Local\Temp\ccLO868O.ltrans1.ltrans.o
                0x0001f95c                nrf_gpio_port_out_set.lto_priv.170
 .text.nrf_gpio_port_out_clear.lto_priv.169
                0x0001f970       0x14 C:\Users\user\AppData\Local\Temp\ccLO868O.ltrans1.ltrans.o
                0x0001f970                nrf_gpio_port_out_clear.lto_priv.169
 .text.nrf_rtc_counter_get
                0x0001f984       0x10 C:\Users\user\AppData\Local\Temp\ccLO868O.ltrans1.ltrans.o
 .text.nrf_rtc_task_trigger
                0x0001f994       0x1c C:\Users\user\AppData\Local\Temp\ccLO868O.ltrans1.ltrans.o
 .text.nrf_drv_rtc_counter_get.lto_priv.20
                0x0001f9b0       0x1c C:\Users\user\AppData\Local\Temp\ccLO868O.ltrans1.ltrans.o
                0x0001f9b0                nrf_drv_rtc_counter_get.lto_priv.20
 .text.nrf_drv_rtc_counter_clear.lto_priv.15
                0x0001f9cc       0x18 C:\Users\user\AppData\Local\Temp\ccLO868O.ltrans1.ltrans.o
                0x0001f9cc                nrf_drv_rtc_counter_clear.lto_priv.15
 .text._write   0x0001f9e4       0x48 C:\Users\user\AppData\Local\Temp\ccLO868O.ltrans1.ltrans.o
                0x0001f9e4                _write
 .text.uart_error_handle
                0x0001fa2c       0x34 C:\Users\user\AppData\Local\Temp\ccLO868O.ltrans1.ltrans.o
 .text.UART_Init
                0x0001fa60       0x40 C:\Users\user\AppData\Local\Temp\ccLO868O.ltrans1.ltrans.o
                0x0001fa60                UART_Init
 .text.GPIO_IRQ_handler
                0x0001faa0       0x34 C:\Users\user\AppData\Local\Temp\ccLO868O.ltrans1.ltrans.o
                0x0001faa0                GPIO_IRQ_handler
 .text.LED2_ON  0x0001fad4        0xc C:\Users\user\AppData\Local\Temp\ccLO868O.ltrans1.ltrans.o
                0x0001fad4                LED2_ON
 .text.LED2_OFF
                0x0001fae0        0xc C:\Users\user\AppData\Local\Temp\ccLO868O.ltrans1.ltrans.o
                0x0001fae0                LED2_OFF
 .text.DW_RST_ON
                0x0001faec       0x10 C:\Users\user\AppData\Local\Temp\ccLO868O.ltrans1.ltrans.o
                0x0001faec                DW_RST_ON
 .text.DW_RST_OFF
                0x0001fafc        0xc C:\Users\user\AppData\Local\Temp\ccLO868O.ltrans1.ltrans.o
                0x0001fafc                DW_RST_OFF
 .text.DW_CS_CLR
                0x0001fb08        0xc C:\Users\user\AppData\Local\Temp\ccLO868O.ltrans1.ltrans.o
                0x0001fb08                DW_CS_CLR
 .text.DW_CS_SET
                0x0001fb14        0xc C:\Users\user\AppData\Local\Temp\ccLO868O.ltrans1.ltrans.o
                0x0001fb14                DW_CS_SET
 .text.GPIO_PinInGet
                0x0001fb20       0x20 C:\Users\user\AppData\Local\Temp\ccLO868O.ltrans1.ltrans.o
 .text.GPIOs_init
                0x0001fb40       0xac C:\Users\user\AppData\Local\Temp\ccLO868O.ltrans1.ltrans.o
                0x0001fb40                GPIOs_init
 .text.I2C_handler
                0x0001fbec       0x24 C:\Users\user\AppData\Local\Temp\ccLO868O.ltrans1.ltrans.o
 .text.I2C_config
                0x0001fc10       0xb0 C:\Users\user\AppData\Local\Temp\ccLO868O.ltrans1.ltrans.o
                0x0001fc10                I2C_config
 .text.I2CDRV_readFromRegister
                0x0001fcc0       0x68 C:\Users\user\AppData\Local\Temp\ccLO868O.ltrans1.ltrans.o
                0x0001fcc0                I2CDRV_readFromRegister
 .text.I2CDRV_writeToRegister
                0x0001fd28       0x54 C:\Users\user\AppData\Local\Temp\ccLO868O.ltrans1.ltrans.o
                0x0001fd28                I2CDRV_writeToRegister
 .text.UWB_SPI_pins_enable
                0x0001fd7c       0x30 C:\Users\user\AppData\Local\Temp\ccLO868O.ltrans1.ltrans.o
                0x0001fd7c                UWB_SPI_pins_enable
 .text.spi_event_handler
                0x0001fdac       0x14 C:\Users\user\AppData\Local\Temp\ccLO868O.ltrans1.ltrans.o
 .text.SPI_init
                0x0001fdc0      0x100 C:\Users\user\AppData\Local\Temp\ccLO868O.ltrans1.ltrans.o
                0x0001fdc0                SPI_init
 .text.readfromspi
                0x0001fec0       0x7c C:\Users\user\AppData\Local\Temp\ccLO868O.ltrans1.ltrans.o
                0x0001fec0                readfromspi
 .text.writetospi
                0x0001ff3c       0x80 C:\Users\user\AppData\Local\Temp\ccLO868O.ltrans1.ltrans.o
                0x0001ff3c                writetospi
 .text.clock_configuration
                0x0001ffbc       0x38 C:\Users\user\AppData\Local\Temp\ccLO868O.ltrans1.ltrans.o
                0x0001ffbc                clock_configuration
 .text.PB_handler.lto_priv.21
                0x0001fff4      0x184 C:\Users\user\AppData\Local\Temp\ccLO868O.ltrans1.ltrans.o
                0x0001fff4                PB_handler.lto_priv.21
 .text.main     0x00020178       0x80 C:\Users\user\AppData\Local\Temp\ccLO868O.ltrans2.ltrans.o
                0x00020178                main
 .text.Variable_Reset
                0x000201f8      0x110 C:\Users\user\AppData\Local\Temp\ccLO868O.ltrans2.ltrans.o
                0x000201f8                Variable_Reset
 .text.Dwt_Txcallback
                0x00020308       0x14 C:\Users\user\AppData\Local\Temp\ccLO868O.ltrans2.ltrans.o
 .text.Dwt_Rxcallback
                0x0002031c       0x70 C:\Users\user\AppData\Local\Temp\ccLO868O.ltrans2.ltrans.o
 .text.dw_restore_from_sleep
                0x0002038c        0xc C:\Users\user\AppData\Local\Temp\ccLO868O.ltrans2.ltrans.o
 .text.DWM1000_initAndDoHwResetProcedure
                0x00020398       0x40 C:\Users\user\AppData\Local\Temp\ccLO868O.ltrans2.ltrans.o
                0x00020398                DWM1000_initAndDoHwResetProcedure
 .text.init_DWM1000_communication
                0x000203d8       0xb8 C:\Users\user\AppData\Local\Temp\ccLO868O.ltrans2.ltrans.o
 .text.calculate_crc16
                0x00020490       0x60 C:\Users\user\AppData\Local\Temp\ccLO868O.ltrans2.ltrans.o
 .text.DWM1000_init
                0x000204f0      0x114 C:\Users\user\AppData\Local\Temp\ccLO868O.ltrans2.ltrans.o
                0x000204f0                DWM1000_init
 .text.DWM_Setparameter
                0x00020604      0x1d8 C:\Users\user\AppData\Local\Temp\ccLO868O.ltrans2.ltrans.o
                0x00020604                DWM_Setparameter
 .text.DMW1000_wake_up
                0x000207dc       0x28 C:\Users\user\AppData\Local\Temp\ccLO868O.ltrans2.ltrans.o
                0x000207dc                DMW1000_wake_up
 .text.NVIC_EnableIRQ.lto_priv.16
                0x00020804       0x2c C:\Users\user\AppData\Local\Temp\ccLO868O.ltrans2.ltrans.o
                0x00020804                NVIC_EnableIRQ.lto_priv.16
 .text.NVIC_SystemReset.lto_priv.14
                0x00020830       0x24 C:\Users\user\AppData\Local\Temp\ccLO868O.ltrans2.ltrans.o
                0x00020830                NVIC_SystemReset.lto_priv.14
 .text.nrf_gpio_pin_port_decode
                0x00020854       0x10 C:\Users\user\AppData\Local\Temp\ccLO868O.ltrans2.ltrans.o
 .text.nrf_gpio_cfg.lto_priv.37
                0x00020864       0x60 C:\Users\user\AppData\Local\Temp\ccLO868O.ltrans2.ltrans.o
                0x00020864                nrf_gpio_cfg.lto_priv.37
 .text.nrf_gpio_cfg_output.lto_priv.33
                0x000208c4       0x20 C:\Users\user\AppData\Local\Temp\ccLO868O.ltrans2.ltrans.o
                0x000208c4                nrf_gpio_cfg_output.lto_priv.33
 .text.nrf_gpio_cfg_input.lto_priv.32
                0x000208e4       0x2c C:\Users\user\AppData\Local\Temp\ccLO868O.ltrans2.ltrans.o
                0x000208e4                nrf_gpio_cfg_input.lto_priv.32
 .text.nrf_gpio_input_disconnect.lto_priv.36
                0x00020910       0x3c C:\Users\user\AppData\Local\Temp\ccLO868O.ltrans2.ltrans.o
                0x00020910                nrf_gpio_input_disconnect.lto_priv.36
 .text.nrf_gpio_pin_set.lto_priv.34
                0x0002094c       0x28 C:\Users\user\AppData\Local\Temp\ccLO868O.ltrans2.ltrans.o
                0x0002094c                nrf_gpio_pin_set.lto_priv.34
 .text.nrf_gpio_pin_clear.lto_priv.35
                0x00020974       0x28 C:\Users\user\AppData\Local\Temp\ccLO868O.ltrans2.ltrans.o
                0x00020974                nrf_gpio_pin_clear.lto_priv.35
 .text.nrf_gpio_pin_read.lto_priv.19
                0x0002099c       0x2c C:\Users\user\AppData\Local\Temp\ccLO868O.ltrans2.ltrans.o
                0x0002099c                nrf_gpio_pin_read.lto_priv.19
 .text._dwt_enableclocks
                0x000209c8      0x140 C:\Users\user\AppData\Local\Temp\ccLO868O.ltrans3.ltrans.o
                0x000209c8                _dwt_enableclocks
 .text._dwt_disablesequencing
                0x00020b08       0x14 C:\Users\user\AppData\Local\Temp\ccLO868O.ltrans3.ltrans.o
 .text.dwt_forcetrxoff
                0x00020b1c       0x5c C:\Users\user\AppData\Local\Temp\ccLO868O.ltrans3.ltrans.o
                0x00020b1c                dwt_forcetrxoff
 .text.dwt_syncrxbufptrs
                0x00020b78       0x44 C:\Users\user\AppData\Local\Temp\ccLO868O.ltrans3.ltrans.o
 .text.dwt_rxenable
                0x00020bbc       0x84 C:\Users\user\AppData\Local\Temp\ccLO868O.ltrans3.ltrans.o
                0x00020bbc                dwt_rxenable
 .text.dwt_setinterrupt
                0x00020c40       0x44 C:\Users\user\AppData\Local\Temp\ccLO868O.ltrans3.ltrans.o
                0x00020c40                dwt_setinterrupt
 .text.dwt_rxreset
                0x00020c84       0x34 C:\Users\user\AppData\Local\Temp\ccLO868O.ltrans3.ltrans.o
                0x00020c84                dwt_rxreset
 .text.dwt_softreset
                0x00020cb8       0x80 C:\Users\user\AppData\Local\Temp\ccLO868O.ltrans3.ltrans.o
                0x00020cb8                dwt_softreset
 .text.dwt_xtaltrim
                0x00020d38       0x50 C:\Users\user\AppData\Local\Temp\ccLO868O.ltrans3.ltrans.o
                0x00020d38                dwt_xtaltrim
 .text.lis2dh12_WOM_setting
                0x00020d88       0xa4 C:\Users\user\AppData\Local\Temp\ccLO868O.ltrans3.ltrans.o
                0x00020d88                lis2dh12_WOM_setting
 .text.dwt_readfromdevice
                0x00020e2c       0xb8 C:\Users\user\AppData\Local\Temp\ccLO868O.ltrans4.ltrans.o
                0x00020e2c                dwt_readfromdevice
 .text.dwt_read32bitoffsetreg
                0x00020ee4       0x54 C:\Users\user\AppData\Local\Temp\ccLO868O.ltrans4.ltrans.o
                0x00020ee4                dwt_read32bitoffsetreg
 .text.dwt_read16bitoffsetreg
                0x00020f38       0x4c C:\Users\user\AppData\Local\Temp\ccLO868O.ltrans4.ltrans.o
                0x00020f38                dwt_read16bitoffsetreg
 .text.dwt_write16bitoffsetreg
                0x00020f84       0x44 C:\Users\user\AppData\Local\Temp\ccLO868O.ltrans4.ltrans.o
                0x00020f84                dwt_write16bitoffsetreg
 .text.dwt_write32bitoffsetreg
                0x00020fc8       0x4c C:\Users\user\AppData\Local\Temp\ccLO868O.ltrans4.ltrans.o
                0x00020fc8                dwt_write32bitoffsetreg
 .text._dwt_otpread
                0x00021014       0x5c C:\Users\user\AppData\Local\Temp\ccLO868O.ltrans4.ltrans.o
                0x00021014                _dwt_otpread
 .text._dwt_aonarrayupload
                0x00021070       0x30 C:\Users\user\AppData\Local\Temp\ccLO868O.ltrans4.ltrans.o
                0x00021070                _dwt_aonarrayupload
 .text.dwt_configuresleep
                0x000210a0       0x4c C:\Users\user\AppData\Local\Temp\ccLO868O.ltrans4.ltrans.o
                0x000210a0                dwt_configuresleep
 .text._dwt_configlde
                0x000210ec       0x48 C:\Users\user\AppData\Local\Temp\ccLO868O.ltrans4.ltrans.o
                0x000210ec                _dwt_configlde
 .text._dwt_loaducodefromrom
                0x00021134       0x3c C:\Users\user\AppData\Local\Temp\ccLO868O.ltrans4.ltrans.o
                0x00021134                _dwt_loaducodefromrom
 .text.dwt_setsmarttxpower
                0x00021170       0x4c C:\Users\user\AppData\Local\Temp\ccLO868O.ltrans4.ltrans.o
                0x00021170                dwt_setsmarttxpower
 .text.dwt_setcallbacks
                0x000211bc       0x20 C:\Users\user\AppData\Local\Temp\ccLO868O.ltrans4.ltrans.o
                0x000211bc                dwt_setcallbacks
 .text.UWB_Reconfiguration
                0x000211dc       0x14 C:\Users\user\AppData\Local\Temp\ccLO868O.ltrans5.ltrans.o
                0x000211dc                UWB_Reconfiguration
 .text.UWB_radio_wake_up
                0x000211f0        0x8 C:\Users\user\AppData\Local\Temp\ccLO868O.ltrans5.ltrans.o
                0x000211f0                UWB_radio_wake_up
 .text.Set_LMS_Parameters
                0x000211f8      0x304 C:\Users\user\AppData\Local\Temp\ccLO868O.ltrans5.ltrans.o
                0x000211f8                Set_LMS_Parameters
 .text.Reset_LMS_Parameters
                0x000214fc       0x60 C:\Users\user\AppData\Local\Temp\ccLO868O.ltrans5.ltrans.o
                0x000214fc                Reset_LMS_Parameters
 .text.dwt_initialise
                0x0002155c      0x188 C:\Users\user\AppData\Local\Temp\ccLO868O.ltrans5.ltrans.o
                0x0002155c                dwt_initialise
 .text.dwt_isr  0x000216e4      0x374 C:\Users\user\AppData\Local\Temp\ccLO868O.ltrans5.ltrans.o
                0x000216e4                dwt_isr
 .text.deca_sleep
                0x00021a58       0x18 C:\Users\user\AppData\Local\Temp\ccLO868O.ltrans5.ltrans.o
                0x00021a58                deca_sleep
 .text.dwt_getpartid
                0x00021a70        0xc C:\Users\user\AppData\Local\Temp\ccLO868O.ltrans5.ltrans.o
                0x00021a70                dwt_getpartid
 .text.dwt_getlotid
                0x00021a7c        0xc C:\Users\user\AppData\Local\Temp\ccLO868O.ltrans5.ltrans.o
                0x00021a7c                dwt_getlotid
 .text.dwt_readdevid
                0x00021a88       0x10 C:\Users\user\AppData\Local\Temp\ccLO868O.ltrans5.ltrans.o
                0x00021a88                dwt_readdevid
 .text.dwt_configuretxrf
                0x00021a98       0x28 C:\Users\user\AppData\Local\Temp\ccLO868O.ltrans5.ltrans.o
                0x00021a98                dwt_configuretxrf
 .text.dwt_configure
                0x00021ac0      0x308 C:\Users\user\AppData\Local\Temp\ccLO868O.ltrans5.ltrans.o
                0x00021ac0                dwt_configure
 .text.dwt_writetodevice
                0x00021dc8       0xc0 C:\Users\user\AppData\Local\Temp\ccLO868O.ltrans5.ltrans.o
                0x00021dc8                dwt_writetodevice
 .text.System_Init
                0x00021e88       0x48 C:\Users\user\AppData\Local\Temp\ccLO868O.ltrans6.ltrans.o
                0x00021e88                System_Init
 .text.ACC_Init
                0x00021ed0        0xc C:\Users\user\AppData\Local\Temp\ccLO868O.ltrans6.ltrans.o
 .text.Convert_Macaddress
                0x00021edc       0xd4 C:\Users\user\AppData\Local\Temp\ccLO868O.ltrans6.ltrans.o
                0x00021edc                Convert_Macaddress
 .text.intern_softdevice_events_execute
                0x00021fb0      0x114 C:\Users\user\AppData\Local\Temp\ccLO868O.ltrans7.ltrans.o
 .text.softdevice_handler_is_enabled
                0x000220c4       0x10 C:\Users\user\AppData\Local\Temp\ccLO868O.ltrans7.ltrans.o
                0x000220c4                softdevice_handler_is_enabled
 .text.SWI2_EGU2_IRQHandler
                0x000220d4       0x34 C:\Users\user\AppData\Local\Temp\ccLO868O.ltrans7.ltrans.o
                0x000220d4                SWI2_EGU2_IRQHandler
 .text.NVIC_SystemReset
                0x00022108       0x24 C:\Users\user\AppData\Local\Temp\ccLO868O.ltrans7.ltrans.o
 .text.SystemCoreClockUpdate
                0x0002212c       0x10 C:\Users\user\AppData\Local\Temp\ccLO868O.ltrans7.ltrans.o
 .text.SystemInit
                0x0002213c      0x250 C:\Users\user\AppData\Local\Temp\ccLO868O.ltrans7.ltrans.o
                0x0002213c                SystemInit
 .text.errata_16
                0x0002238c       0x38 C:\Users\user\AppData\Local\Temp\ccLO868O.ltrans7.ltrans.o
 .text.errata_31
                0x000223c4       0x58 C:\Users\user\AppData\Local\Temp\ccLO868O.ltrans7.ltrans.o
 .text.errata_32
                0x0002241c       0x38 C:\Users\user\AppData\Local\Temp\ccLO868O.ltrans7.ltrans.o
 .text.errata_36
                0x00022454       0x58 C:\Users\user\AppData\Local\Temp\ccLO868O.ltrans7.ltrans.o
 .text.errata_37
                0x000224ac       0x38 C:\Users\user\AppData\Local\Temp\ccLO868O.ltrans7.ltrans.o
 .text.errata_57
                0x000224e4       0x38 C:\Users\user\AppData\Local\Temp\ccLO868O.ltrans7.ltrans.o
 .text.errata_66
                0x0002251c       0x38 C:\Users\user\AppData\Local\Temp\ccLO868O.ltrans7.ltrans.o
 .text.errata_108
                0x00022554       0x58 C:\Users\user\AppData\Local\Temp\ccLO868O.ltrans7.ltrans.o
 .text.uart_event_handler
                0x000225ac       0x94 C:\Users\user\AppData\Local\Temp\ccLO868O.ltrans8.ltrans.o
 .text.app_uart_init
                0x00022640       0xdc C:\Users\user\AppData\Local\Temp\ccLO868O.ltrans8.ltrans.o
                0x00022640                app_uart_init
 .text.app_uart_put
                0x0002271c       0x44 C:\Users\user\AppData\Local\Temp\ccLO868O.ltrans8.ltrans.o
                0x0002271c                app_uart_put
 .text.app_error_handler_bare
                0x00022760       0x28 C:\Users\user\AppData\Local\Temp\ccLO868O.ltrans8.ltrans.o
                0x00022760                app_error_handler_bare
 .text.NVIC_SystemReset
                0x00022788       0x24 C:\Users\user\AppData\Local\Temp\ccLO868O.ltrans8.ltrans.o
 .text.app_error_fault_handler
                0x000227ac       0x14 C:\Users\user\AppData\Local\Temp\ccLO868O.ltrans8.ltrans.o
                0x000227ac                app_error_fault_handler
 .text.__sd_nvic_irq_disable
                0x000227c0       0x18 C:\Users\user\AppData\Local\Temp\ccLO868O.ltrans8.ltrans.o
 .text.__sd_nvic_irq_enable
                0x000227d8        0x4 C:\Users\user\AppData\Local\Temp\ccLO868O.ltrans8.ltrans.o
 .text.sd_nvic_critical_region_enter
                0x000227dc       0x74 C:\Users\user\AppData\Local\Temp\ccLO868O.ltrans8.ltrans.o
 .text.sd_nvic_critical_region_exit
                0x00022850       0x54 C:\Users\user\AppData\Local\Temp\ccLO868O.ltrans8.ltrans.o
 .text.app_util_critical_region_enter
                0x000228a4       0x14 C:\Users\user\AppData\Local\Temp\ccLO868O.ltrans8.ltrans.o
                0x000228a4                app_util_critical_region_enter
 .text.app_util_critical_region_exit
                0x000228b8       0x1c C:\Users\user\AppData\Local\Temp\ccLO868O.ltrans8.ltrans.o
                0x000228b8                app_util_critical_region_exit
 .text.sd_evt_get.lto_priv.182
                0x000228d4        0x8 C:\Users\user\AppData\Local\Temp\ccLO868O.ltrans8.ltrans.o
                0x000228d4                sd_evt_get.lto_priv.182
 .text.sd_ble_evt_get.lto_priv.196
                0x000228dc        0x8 C:\Users\user\AppData\Local\Temp\ccLO868O.ltrans8.ltrans.o
                0x000228dc                sd_ble_evt_get.lto_priv.196
 .text.nrf_drv_uart_rx_for_uarte
                0x000228e4      0x134 C:\Users\user\AppData\Local\Temp\ccLO868O.ltrans9.ltrans.o
 .text.nrf_drv_uart_rx
                0x00022a18      0x158 C:\Users\user\AppData\Local\Temp\ccLO868O.ltrans9.ltrans.o
                0x00022a18                nrf_drv_uart_rx
 .text.nrf_drv_uart_rx_enable
                0x00022b70       0x50 C:\Users\user\AppData\Local\Temp\ccLO868O.ltrans9.ltrans.o
                0x00022b70                nrf_drv_uart_rx_enable
 .text.rx_done_event
                0x00022bc0       0x34 C:\Users\user\AppData\Local\Temp\ccLO868O.ltrans9.ltrans.o
 .text.tx_done_event
                0x00022bf4       0x3c C:\Users\user\AppData\Local\Temp\ccLO868O.ltrans9.ltrans.o
 .text.uarte_irq_handler
                0x00022c30      0x178 C:\Users\user\AppData\Local\Temp\ccLO868O.ltrans9.ltrans.o
 .text.UARTE0_UART0_IRQHandler
                0x00022da8       0x1c C:\Users\user\AppData\Local\Temp\ccLO868O.ltrans9.ltrans.o
                0x00022da8                UARTE0_UART0_IRQHandler
 .text.nrf_wdt_event_clear
                0x00022dc4       0x30 C:\Users\user\AppData\Local\Temp\ccLO868O.ltrans9.ltrans.o
 .text.nrf_wdt_int_enable_check
                0x00022df4       0x24 C:\Users\user\AppData\Local\Temp\ccLO868O.ltrans9.ltrans.o
 .text.WDT_IRQHandler
                0x00022e18       0x24 C:\Users\user\AppData\Local\Temp\ccLO868O.ltrans9.ltrans.o
                0x00022e18                WDT_IRQHandler
 .text.nrf_gpio_port_out_set.lto_priv.472
                0x00022e3c       0x14 C:\Users\user\AppData\Local\Temp\ccLO868O.ltrans10.ltrans.o
                0x00022e3c                nrf_gpio_port_out_set.lto_priv.472
 .text.apply_config
                0x00022e50      0x160 C:\Users\user\AppData\Local\Temp\ccLO868O.ltrans10.ltrans.o
 .text.interrupts_enable
                0x00022fb0       0xd4 C:\Users\user\AppData\Local\Temp\ccLO868O.ltrans10.ltrans.o
 .text.uart_enable
                0x00023084       0x38 C:\Users\user\AppData\Local\Temp\ccLO868O.ltrans10.ltrans.o
 .text.nrf_drv_uart_init
                0x000230bc       0x90 C:\Users\user\AppData\Local\Temp\ccLO868O.ltrans10.ltrans.o
                0x000230bc                nrf_drv_uart_init
 .text.tx_byte  0x0002314c       0x44 C:\Users\user\AppData\Local\Temp\ccLO868O.ltrans10.ltrans.o
 .text.nrf_drv_uart_tx_for_uart
                0x00023190       0xe0 C:\Users\user\AppData\Local\Temp\ccLO868O.ltrans10.ltrans.o
 .text.nrf_drv_uart_tx_for_uarte
                0x00023270       0xbc C:\Users\user\AppData\Local\Temp\ccLO868O.ltrans10.ltrans.o
 .text.nrf_drv_uart_tx
                0x0002332c       0xa0 C:\Users\user\AppData\Local\Temp\ccLO868O.ltrans10.ltrans.o
                0x0002332c                nrf_drv_uart_tx
 .text.nrf_drv_uart_tx_in_progress
                0x000233cc       0x28 C:\Users\user\AppData\Local\Temp\ccLO868O.ltrans10.ltrans.o
 .text.rx_enable.lto_priv.430
                0x000233f4       0x34 C:\Users\user\AppData\Local\Temp\ccLO868O.ltrans10.ltrans.o
                0x000233f4                rx_enable.lto_priv.430
 .text.rx_byte  0x00023428       0x54 C:\Users\user\AppData\Local\Temp\ccLO868O.ltrans10.ltrans.o
 .text.nrf_drv_uart_rx_for_uart.lto_priv.431
                0x0002347c      0x158 C:\Users\user\AppData\Local\Temp\ccLO868O.ltrans10.ltrans.o
                0x0002347c                nrf_drv_uart_rx_for_uart.lto_priv.431
 .text.twi_clear_bus
                0x000235d4       0xdc C:\Users\user\AppData\Local\Temp\ccLO868O.ltrans11.ltrans.o
 .text.nrf_drv_twi_init
                0x000236b0       0xf4 C:\Users\user\AppData\Local\Temp\ccLO868O.ltrans11.ltrans.o
                0x000236b0                nrf_drv_twi_init
 .text.nrf_drv_twi_enable
                0x000237a4       0x38 C:\Users\user\AppData\Local\Temp\ccLO868O.ltrans11.ltrans.o
                0x000237a4                nrf_drv_twi_enable
 .text.twim_list_enable_handle
                0x000237dc       0x40 C:\Users\user\AppData\Local\Temp\ccLO868O.ltrans11.ltrans.o
 .text.twim_xfer
                0x0002381c      0x334 C:\Users\user\AppData\Local\Temp\ccLO868O.ltrans11.ltrans.o
 .text.nrf_drv_twi_xfer
                0x00023b50       0x40 C:\Users\user\AppData\Local\Temp\ccLO868O.ltrans11.ltrans.o
 .text.nrf_drv_twi_tx
                0x00023b90       0x58 C:\Users\user\AppData\Local\Temp\ccLO868O.ltrans11.ltrans.o
                0x00023b90                nrf_drv_twi_tx
 .text.nrf_drv_twi_rx
                0x00023be8       0x50 C:\Users\user\AppData\Local\Temp\ccLO868O.ltrans11.ltrans.o
                0x00023be8                nrf_drv_twi_rx
 .text.irq_handler_twim
                0x00023c38      0x20c C:\Users\user\AppData\Local\Temp\ccLO868O.ltrans11.ltrans.o
 .text.SPIM1_SPIS1_TWIM1_TWIS1_SPI1_TWI1_IRQHandler
                0x00023e44       0x14 C:\Users\user\AppData\Local\Temp\ccLO868O.ltrans11.ltrans.o
                0x00023e44                SPIM1_SPIS1_TWIM1_TWIS1_SPI1_TWI1_IRQHandler
 .text.nrf_uart_event_clear.lto_priv.429
                0x00023e58       0x28 C:\Users\user\AppData\Local\Temp\ccLO868O.ltrans11.ltrans.o
                0x00023e58                nrf_uart_event_clear.lto_priv.429
 .text.nrf_uart_event_check.lto_priv.438
                0x00023e80       0x24 C:\Users\user\AppData\Local\Temp\ccLO868O.ltrans11.ltrans.o
                0x00023e80                nrf_uart_event_check.lto_priv.438
 .text.nrf_uart_int_enable.lto_priv.432
                0x00023ea4       0x14 C:\Users\user\AppData\Local\Temp\ccLO868O.ltrans11.ltrans.o
                0x00023ea4                nrf_uart_int_enable.lto_priv.432
 .text.nrf_uart_int_disable.lto_priv.426
                0x00023eb8       0x14 C:\Users\user\AppData\Local\Temp\ccLO868O.ltrans11.ltrans.o
                0x00023eb8                nrf_uart_int_disable.lto_priv.426
 .text.nrf_uart_enable.lto_priv.444
                0x00023ecc       0x10 C:\Users\user\AppData\Local\Temp\ccLO868O.ltrans11.ltrans.o
                0x00023ecc                nrf_uart_enable.lto_priv.444
 .text.nrf_uart_txrx_pins_set.lto_priv.465
                0x00023edc       0x1c C:\Users\user\AppData\Local\Temp\ccLO868O.ltrans11.ltrans.o
                0x00023edc                nrf_uart_txrx_pins_set.lto_priv.465
 .text.nrf_uart_hwfc_pins_set.lto_priv.461
                0x00023ef8       0x1c C:\Users\user\AppData\Local\Temp\ccLO868O.ltrans11.ltrans.o
                0x00023ef8                nrf_uart_hwfc_pins_set.lto_priv.461
 .text.nrf_uart_rxd_get.lto_priv.439
                0x00023f14       0x14 C:\Users\user\AppData\Local\Temp\ccLO868O.ltrans11.ltrans.o
                0x00023f14                nrf_uart_rxd_get.lto_priv.439
 .text.nrf_uart_txd_set.lto_priv.441
                0x00023f28       0x18 C:\Users\user\AppData\Local\Temp\ccLO868O.ltrans11.ltrans.o
                0x00023f28                nrf_uart_txd_set.lto_priv.441
 .text.nrf_uart_task_trigger.lto_priv.425
                0x00023f40       0x1c C:\Users\user\AppData\Local\Temp\ccLO868O.ltrans11.ltrans.o
                0x00023f40                nrf_uart_task_trigger.lto_priv.425
 .text.nrf_uart_configure.lto_priv.466
                0x00023f5c       0x28 C:\Users\user\AppData\Local\Temp\ccLO868O.ltrans11.ltrans.o
                0x00023f5c                nrf_uart_configure.lto_priv.466
 .text.nrf_uart_baudrate_set.lto_priv.467
                0x00023f84       0x14 C:\Users\user\AppData\Local\Temp\ccLO868O.ltrans11.ltrans.o
                0x00023f84                nrf_uart_baudrate_set.lto_priv.467
 .text.nrf_uarte_event_clear.lto_priv.420
                0x00023f98       0x28 C:\Users\user\AppData\Local\Temp\ccLO868O.ltrans11.ltrans.o
                0x00023f98                nrf_uarte_event_clear.lto_priv.420
 .text.nrf_uarte_event_check.lto_priv.421
                0x00023fc0       0x24 C:\Users\user\AppData\Local\Temp\ccLO868O.ltrans11.ltrans.o
                0x00023fc0                nrf_uarte_event_check.lto_priv.421
 .text.nrf_uarte_shorts_enable.lto_priv.436
                0x00023fe4       0x1c C:\Users\user\AppData\Local\Temp\ccLO868O.ltrans11.ltrans.o
                0x00023fe4                nrf_uarte_shorts_enable.lto_priv.436
 .text.nrf_uarte_shorts_disable.lto_priv.423
                0x00024000       0x1c C:\Users\user\AppData\Local\Temp\ccLO868O.ltrans11.ltrans.o
                0x00024000                nrf_uarte_shorts_disable.lto_priv.423
 .text.nrf_uarte_int_enable.lto_priv.433
                0x0002401c       0x14 C:\Users\user\AppData\Local\Temp\ccLO868O.ltrans11.ltrans.o
                0x0002401c                nrf_uarte_int_enable.lto_priv.433
 .text.nrf_uarte_int_disable.lto_priv.434
                0x00024030       0x14 C:\Users\user\AppData\Local\Temp\ccLO868O.ltrans11.ltrans.o
                0x00024030                nrf_uarte_int_disable.lto_priv.434
 .text.nrf_uarte_errorsrc_get_and_clear.lto_priv.424
                0x00024044       0x1c C:\Users\user\AppData\Local\Temp\ccLO868O.ltrans11.ltrans.o
                0x00024044                nrf_uarte_errorsrc_get_and_clear.lto_priv.424
 .text.nrf_uarte_enable.lto_priv.445
                0x00024060       0x10 C:\Users\user\AppData\Local\Temp\ccLO868O.ltrans11.ltrans.o
                0x00024060                nrf_uarte_enable.lto_priv.445
 .text.nrf_uarte_txrx_pins_set.lto_priv.469
                0x00024070       0x1c C:\Users\user\AppData\Local\Temp\ccLO868O.ltrans11.ltrans.o
                0x00024070                nrf_uarte_txrx_pins_set.lto_priv.469
 .text.nrf_uarte_hwfc_pins_set.lto_priv.468
                0x0002408c       0x1c C:\Users\user\AppData\Local\Temp\ccLO868O.ltrans11.ltrans.o
                0x0002408c                nrf_uarte_hwfc_pins_set.lto_priv.468
 .text.nrf_uarte_task_trigger.lto_priv.427
                0x000240a8       0x1c C:\Users\user\AppData\Local\Temp\ccLO868O.ltrans11.ltrans.o
                0x000240a8                nrf_uarte_task_trigger.lto_priv.427
 .text.nrf_uarte_configure.lto_priv.470
                0x000240c4       0x28 C:\Users\user\AppData\Local\Temp\ccLO868O.ltrans11.ltrans.o
                0x000240c4                nrf_uarte_configure.lto_priv.470
 .text.nrf_uarte_baudrate_set.lto_priv.471
                0x000240ec       0x14 C:\Users\user\AppData\Local\Temp\ccLO868O.ltrans11.ltrans.o
                0x000240ec                nrf_uarte_baudrate_set.lto_priv.471
 .text.nrf_uarte_tx_buffer_set.lto_priv.440
                0x00024100       0x24 C:\Users\user\AppData\Local\Temp\ccLO868O.ltrans11.ltrans.o
                0x00024100                nrf_uarte_tx_buffer_set.lto_priv.440
 .text.nrf_uarte_tx_amount_get.lto_priv.419
                0x00024124       0x10 C:\Users\user\AppData\Local\Temp\ccLO868O.ltrans11.ltrans.o
                0x00024124                nrf_uarte_tx_amount_get.lto_priv.419
 .text.nrf_uarte_rx_buffer_set.lto_priv.437
                0x00024134       0x24 C:\Users\user\AppData\Local\Temp\ccLO868O.ltrans11.ltrans.o
                0x00024134                nrf_uarte_rx_buffer_set.lto_priv.437
 .text.nrf_uarte_rx_amount_get.lto_priv.422
                0x00024158       0x10 C:\Users\user\AppData\Local\Temp\ccLO868O.ltrans11.ltrans.o
                0x00024158                nrf_uarte_rx_amount_get.lto_priv.422
 .text.nrf_drv_get_IRQn.lto_priv.460
                0x00024168       0x18 C:\Users\user\AppData\Local\Temp\ccLO868O.ltrans11.ltrans.o
                0x00024168                nrf_drv_get_IRQn.lto_priv.460
 .text.nrf_drv_is_in_RAM.lto_priv.435
                0x00024180       0x1c C:\Users\user\AppData\Local\Temp\ccLO868O.ltrans11.ltrans.o
                0x00024180                nrf_drv_is_in_RAM.lto_priv.435
 .text.nrf_gpio_pin_port_decode
                0x0002419c       0x10 C:\Users\user\AppData\Local\Temp\ccLO868O.ltrans11.ltrans.o
 .text.nrf_gpio_cfg
                0x000241ac       0x60 C:\Users\user\AppData\Local\Temp\ccLO868O.ltrans11.ltrans.o
 .text.nrf_gpio_cfg_output.lto_priv.462
                0x0002420c       0x20 C:\Users\user\AppData\Local\Temp\ccLO868O.ltrans11.ltrans.o
                0x0002420c                nrf_gpio_cfg_output.lto_priv.462
 .text.nrf_gpio_cfg_input.lto_priv.464
                0x0002422c       0x2c C:\Users\user\AppData\Local\Temp\ccLO868O.ltrans11.ltrans.o
                0x0002422c                nrf_gpio_cfg_input.lto_priv.464
 .text.nrf_gpio_pin_set.lto_priv.463
                0x00024258       0x28 C:\Users\user\AppData\Local\Temp\ccLO868O.ltrans11.ltrans.o
                0x00024258                nrf_gpio_pin_set.lto_priv.463
 .text.nrf_gpio_port_out_set.lto_priv.590
                0x00024280       0x14 C:\Users\user\AppData\Local\Temp\ccLO868O.ltrans12.ltrans.o
                0x00024280                nrf_gpio_port_out_set.lto_priv.590
 .text.nrf_gpio_port_out_clear.lto_priv.588
                0x00024294       0x14 C:\Users\user\AppData\Local\Temp\ccLO868O.ltrans12.ltrans.o
                0x00024294                nrf_gpio_port_out_clear.lto_priv.588
 .text.nrf_drv_spi_init
                0x000242a8      0x164 C:\Users\user\AppData\Local\Temp\ccLO868O.ltrans12.ltrans.o
                0x000242a8                nrf_drv_spi_init
 .text.nrf_drv_spi_uninit
                0x0002440c       0x54 C:\Users\user\AppData\Local\Temp\ccLO868O.ltrans12.ltrans.o
                0x0002440c                nrf_drv_spi_uninit
 .text.nrf_drv_spi_transfer
                0x00024460       0x40 C:\Users\user\AppData\Local\Temp\ccLO868O.ltrans12.ltrans.o
                0x00024460                nrf_drv_spi_transfer
 .text.finish_transfer
                0x000244a0       0x38 C:\Users\user\AppData\Local\Temp\ccLO868O.ltrans12.ltrans.o
 .text.transfer_byte
                0x000244d8       0xbc C:\Users\user\AppData\Local\Temp\ccLO868O.ltrans12.ltrans.o
 .text.spi_xfer
                0x00024594       0xc4 C:\Users\user\AppData\Local\Temp\ccLO868O.ltrans12.ltrans.o
 .text.nrf_drv_spi_xfer
                0x00024658       0xa8 C:\Users\user\AppData\Local\Temp\ccLO868O.ltrans12.ltrans.o
 .text.irq_handler_spi
                0x00024700       0x34 C:\Users\user\AppData\Local\Temp\ccLO868O.ltrans12.ltrans.o
 .text.SPIM0_SPIS0_TWIM0_TWIS0_SPI0_TWI0_IRQHandler
                0x00024734       0x20 C:\Users\user\AppData\Local\Temp\ccLO868O.ltrans12.ltrans.o
                0x00024734                SPIM0_SPIS0_TWIM0_TWIS0_SPI0_TWI0_IRQHandler
 .text.nrf_twim_task_trigger.lto_priv.474
                0x00024754       0x1c C:\Users\user\AppData\Local\Temp\ccLO868O.ltrans12.ltrans.o
                0x00024754                nrf_twim_task_trigger.lto_priv.474
 .text.nrf_twim_event_clear.lto_priv.478
                0x00024770       0x28 C:\Users\user\AppData\Local\Temp\ccLO868O.ltrans12.ltrans.o
                0x00024770                nrf_twim_event_clear.lto_priv.478
 .text.nrf_twim_event_check.lto_priv.481
                0x00024798       0x24 C:\Users\user\AppData\Local\Temp\ccLO868O.ltrans12.ltrans.o
                0x00024798                nrf_twim_event_check.lto_priv.481
 .text.nrf_twim_int_enable.lto_priv.475
                0x000247bc       0x14 C:\Users\user\AppData\Local\Temp\ccLO868O.ltrans12.ltrans.o
                0x000247bc                nrf_twim_int_enable.lto_priv.475
 .text.nrf_twim_int_disable.lto_priv.476
                0x000247d0       0x14 C:\Users\user\AppData\Local\Temp\ccLO868O.ltrans12.ltrans.o
                0x000247d0                nrf_twim_int_disable.lto_priv.476
 .text.nrf_twim_enable.lto_priv.495
                0x000247e4       0x10 C:\Users\user\AppData\Local\Temp\ccLO868O.ltrans12.ltrans.o
                0x000247e4                nrf_twim_enable.lto_priv.495
 .text.nrf_twim_pins_set.lto_priv.499
                0x000247f4       0x1c C:\Users\user\AppData\Local\Temp\ccLO868O.ltrans12.ltrans.o
                0x000247f4                nrf_twim_pins_set.lto_priv.499
 .text.nrf_twim_frequency_set.lto_priv.498
                0x00024810       0x14 C:\Users\user\AppData\Local\Temp\ccLO868O.ltrans12.ltrans.o
                0x00024810                nrf_twim_frequency_set.lto_priv.498
 .text.nrf_twim_errorsrc_get_and_clear.lto_priv.473
                0x00024824       0x1c C:\Users\user\AppData\Local\Temp\ccLO868O.ltrans12.ltrans.o
                0x00024824                nrf_twim_errorsrc_get_and_clear.lto_priv.473
 .text.nrf_twim_address_set.lto_priv.488
                0x00024840       0x18 C:\Users\user\AppData\Local\Temp\ccLO868O.ltrans12.ltrans.o
                0x00024840                nrf_twim_address_set.lto_priv.488
 .text.nrf_twim_tx_buffer_set.lto_priv.486
                0x00024858       0x24 C:\Users\user\AppData\Local\Temp\ccLO868O.ltrans12.ltrans.o
                0x00024858                nrf_twim_tx_buffer_set.lto_priv.486
 .text.nrf_twim_rx_buffer_set.lto_priv.485
                0x0002487c       0x24 C:\Users\user\AppData\Local\Temp\ccLO868O.ltrans12.ltrans.o
                0x0002487c                nrf_twim_rx_buffer_set.lto_priv.485
 .text.nrf_twim_shorts_set.lto_priv.477
                0x000248a0       0x14 C:\Users\user\AppData\Local\Temp\ccLO868O.ltrans12.ltrans.o
                0x000248a0                nrf_twim_shorts_set.lto_priv.477
 .text.nrf_twim_txd_amount_get.lto_priv.479
                0x000248b4       0x10 C:\Users\user\AppData\Local\Temp\ccLO868O.ltrans12.ltrans.o
                0x000248b4                nrf_twim_txd_amount_get.lto_priv.479
 .text.nrf_twim_rxd_amount_get.lto_priv.480
                0x000248c4       0x10 C:\Users\user\AppData\Local\Temp\ccLO868O.ltrans12.ltrans.o
                0x000248c4                nrf_twim_rxd_amount_get.lto_priv.480
 .text.nrf_twim_tx_list_enable.lto_priv.492
                0x000248d4       0x10 C:\Users\user\AppData\Local\Temp\ccLO868O.ltrans12.ltrans.o
                0x000248d4                nrf_twim_tx_list_enable.lto_priv.492
 .text.nrf_twim_tx_list_disable.lto_priv.491
                0x000248e4       0x10 C:\Users\user\AppData\Local\Temp\ccLO868O.ltrans12.ltrans.o
                0x000248e4                nrf_twim_tx_list_disable.lto_priv.491
 .text.nrf_twim_rx_list_enable.lto_priv.490
                0x000248f4       0x10 C:\Users\user\AppData\Local\Temp\ccLO868O.ltrans12.ltrans.o
                0x000248f4                nrf_twim_rx_list_enable.lto_priv.490
 .text.nrf_twim_rx_list_disable.lto_priv.489
                0x00024904       0x10 C:\Users\user\AppData\Local\Temp\ccLO868O.ltrans12.ltrans.o
                0x00024904                nrf_twim_rx_list_disable.lto_priv.489
 .text.nrf_drv_get_IRQn.lto_priv.497
                0x00024914       0x18 C:\Users\user\AppData\Local\Temp\ccLO868O.ltrans12.ltrans.o
                0x00024914                nrf_drv_get_IRQn.lto_priv.497
 .text.nrf_drv_is_in_RAM.lto_priv.487
                0x0002492c       0x1c C:\Users\user\AppData\Local\Temp\ccLO868O.ltrans12.ltrans.o
                0x0002492c                nrf_drv_is_in_RAM.lto_priv.487
 .text.nrf_gpio_pin_port_decode
                0x00024948       0x10 C:\Users\user\AppData\Local\Temp\ccLO868O.ltrans12.ltrans.o
 .text.nrf_gpio_pin_set.lto_priv.500
                0x00024958       0x28 C:\Users\user\AppData\Local\Temp\ccLO868O.ltrans12.ltrans.o
                0x00024958                nrf_gpio_pin_set.lto_priv.500
 .text.nrf_gpio_pin_clear.lto_priv.502
                0x00024980       0x28 C:\Users\user\AppData\Local\Temp\ccLO868O.ltrans12.ltrans.o
                0x00024980                nrf_gpio_pin_clear.lto_priv.502
 .text.nrf_gpio_pin_read.lto_priv.503
                0x000249a8       0x2c C:\Users\user\AppData\Local\Temp\ccLO868O.ltrans12.ltrans.o
                0x000249a8                nrf_gpio_pin_read.lto_priv.503
 .text.nrf_gpio_port_in_read
                0x000249d4       0x10 C:\Users\user\AppData\Local\Temp\ccLO868O.ltrans12.ltrans.o
 .text.nrf_gpio_port_out_set.lto_priv.591
                0x000249e4       0x14 C:\Users\user\AppData\Local\Temp\ccLO868O.ltrans12.ltrans.o
 .text.nrf_gpio_port_out_clear.lto_priv.589
                0x000249f8       0x14 C:\Users\user\AppData\Local\Temp\ccLO868O.ltrans12.ltrans.o
 .text.nrf_delay_us.lto_priv.501
                0x00024a0c       0x9c C:\Users\user\AppData\Local\Temp\ccLO868O.ltrans12.ltrans.o
                0x00024a0c                nrf_delay_us.lto_priv.501
 .text.twi_process_error.lto_priv.484
                0x00024aa8       0x40 C:\Users\user\AppData\Local\Temp\ccLO868O.ltrans12.ltrans.o
                0x00024aa8                twi_process_error.lto_priv.484
 .text.SAADC_IRQHandler
                0x00024ae8      0x250 C:\Users\user\AppData\Local\Temp\ccLO868O.ltrans13.ltrans.o
                0x00024ae8                SAADC_IRQHandler
 .text.NVIC_DisableIRQ
                0x00024d38       0x2c C:\Users\user\AppData\Local\Temp\ccLO868O.ltrans13.ltrans.o
 .text.nrf_spi_event_clear.lto_priv.592
                0x00024d64       0x28 C:\Users\user\AppData\Local\Temp\ccLO868O.ltrans13.ltrans.o
                0x00024d64                nrf_spi_event_clear.lto_priv.592
 .text.nrf_spi_event_check.lto_priv.595
                0x00024d8c       0x24 C:\Users\user\AppData\Local\Temp\ccLO868O.ltrans13.ltrans.o
                0x00024d8c                nrf_spi_event_check.lto_priv.595
 .text.nrf_spi_int_enable.lto_priv.596
                0x00024db0       0x14 C:\Users\user\AppData\Local\Temp\ccLO868O.ltrans13.ltrans.o
                0x00024db0                nrf_spi_int_enable.lto_priv.596
 .text.nrf_spi_int_disable.lto_priv.598
                0x00024dc4       0x14 C:\Users\user\AppData\Local\Temp\ccLO868O.ltrans13.ltrans.o
                0x00024dc4                nrf_spi_int_disable.lto_priv.598
 .text.nrf_spi_enable.lto_priv.602
                0x00024dd8       0x10 C:\Users\user\AppData\Local\Temp\ccLO868O.ltrans13.ltrans.o
                0x00024dd8                nrf_spi_enable.lto_priv.602
 .text.nrf_spi_disable.lto_priv.600
                0x00024de8       0x10 C:\Users\user\AppData\Local\Temp\ccLO868O.ltrans13.ltrans.o
                0x00024de8                nrf_spi_disable.lto_priv.600
 .text.nrf_spi_pins_set.lto_priv.605
                0x00024df8       0x28 C:\Users\user\AppData\Local\Temp\ccLO868O.ltrans13.ltrans.o
                0x00024df8                nrf_spi_pins_set.lto_priv.605
 .text.nrf_spi_txd_set.lto_priv.597
                0x00024e20       0x18 C:\Users\user\AppData\Local\Temp\ccLO868O.ltrans13.ltrans.o
                0x00024e20                nrf_spi_txd_set.lto_priv.597
 .text.nrf_spi_rxd_get.lto_priv.599
                0x00024e38       0x14 C:\Users\user\AppData\Local\Temp\ccLO868O.ltrans13.ltrans.o
                0x00024e38                nrf_spi_rxd_get.lto_priv.599
 .text.nrf_spi_frequency_set.lto_priv.604
                0x00024e4c       0x14 C:\Users\user\AppData\Local\Temp\ccLO868O.ltrans13.ltrans.o
                0x00024e4c                nrf_spi_frequency_set.lto_priv.604
 .text.nrf_spi_configure.lto_priv.603
                0x00024e60       0x5c C:\Users\user\AppData\Local\Temp\ccLO868O.ltrans13.ltrans.o
                0x00024e60                nrf_spi_configure.lto_priv.603
 .text.nrf_drv_common_irq_disable.lto_priv.601
                0x00024ebc       0x1c C:\Users\user\AppData\Local\Temp\ccLO868O.ltrans13.ltrans.o
                0x00024ebc                nrf_drv_common_irq_disable.lto_priv.601
 .text.nrf_gpio_pin_port_decode
                0x00024ed8       0x10 C:\Users\user\AppData\Local\Temp\ccLO868O.ltrans13.ltrans.o
 .text.nrf_gpio_cfg
                0x00024ee8       0x60 C:\Users\user\AppData\Local\Temp\ccLO868O.ltrans13.ltrans.o
 .text.nrf_gpio_cfg_output.lto_priv.606
                0x00024f48       0x20 C:\Users\user\AppData\Local\Temp\ccLO868O.ltrans13.ltrans.o
                0x00024f48                nrf_gpio_cfg_output.lto_priv.606
 .text.nrf_gpio_cfg_input.lto_priv.607
                0x00024f68       0x2c C:\Users\user\AppData\Local\Temp\ccLO868O.ltrans13.ltrans.o
                0x00024f68                nrf_gpio_cfg_input.lto_priv.607
 .text.nrf_gpio_pin_set.lto_priv.594
                0x00024f94       0x28 C:\Users\user\AppData\Local\Temp\ccLO868O.ltrans13.ltrans.o
                0x00024f94                nrf_gpio_pin_set.lto_priv.594
 .text.nrf_gpio_pin_clear.lto_priv.593
                0x00024fbc       0x28 C:\Users\user\AppData\Local\Temp\ccLO868O.ltrans13.ltrans.o
                0x00024fbc                nrf_gpio_pin_clear.lto_priv.593
 .text.nrf_drv_gpiote_in_init
                0x00024fe4       0xb4 C:\Users\user\AppData\Local\Temp\ccLO868O.ltrans14.ltrans.o
                0x00024fe4                nrf_drv_gpiote_in_init
 .text.nrf_drv_gpiote_in_event_enable
                0x00025098       0xe4 C:\Users\user\AppData\Local\Temp\ccLO868O.ltrans14.ltrans.o
                0x00025098                nrf_drv_gpiote_in_event_enable
 .text.GPIOTE_IRQHandler
                0x0002517c      0x2dc C:\Users\user\AppData\Local\Temp\ccLO868O.ltrans14.ltrans.o
                0x0002517c                GPIOTE_IRQHandler
 .text.nrf_rtc_cc_set
                0x00025458       0x1c C:\Users\user\AppData\Local\Temp\ccLO868O.ltrans14.ltrans.o
 .text.nrf_rtc_int_enable
                0x00025474       0x14 C:\Users\user\AppData\Local\Temp\ccLO868O.ltrans14.ltrans.o
 .text.nrf_rtc_int_disable
                0x00025488       0x14 C:\Users\user\AppData\Local\Temp\ccLO868O.ltrans14.ltrans.o
 .text.nrf_rtc_int_is_enabled
                0x0002549c       0x18 C:\Users\user\AppData\Local\Temp\ccLO868O.ltrans14.ltrans.o
 .text.nrf_rtc_event_pending
                0x000254b4       0x1c C:\Users\user\AppData\Local\Temp\ccLO868O.ltrans14.ltrans.o
 .text.nrf_rtc_event_clear
                0x000254d0       0x28 C:\Users\user\AppData\Local\Temp\ccLO868O.ltrans14.ltrans.o
 .text.nrf_rtc_counter_get
                0x000254f8       0x10 C:\Users\user\AppData\Local\Temp\ccLO868O.ltrans14.ltrans.o
 .text.nrf_rtc_prescaler_set
                0x00025508       0x14 C:\Users\user\AppData\Local\Temp\ccLO868O.ltrans14.ltrans.o
 .text.nrf_rtc_task_trigger
                0x0002551c       0x1c C:\Users\user\AppData\Local\Temp\ccLO868O.ltrans14.ltrans.o
 .text.nrf_rtc_event_enable
                0x00025538       0x14 C:\Users\user\AppData\Local\Temp\ccLO868O.ltrans14.ltrans.o
 .text.nrf_rtc_event_disable
                0x0002554c       0x14 C:\Users\user\AppData\Local\Temp\ccLO868O.ltrans14.ltrans.o
 .text.nrf_drv_rtc_init
                0x00025560       0xc8 C:\Users\user\AppData\Local\Temp\ccLO868O.ltrans14.ltrans.o
                0x00025560                nrf_drv_rtc_init
 .text.nrf_drv_rtc_enable
                0x00025628       0x30 C:\Users\user\AppData\Local\Temp\ccLO868O.ltrans14.ltrans.o
                0x00025628                nrf_drv_rtc_enable
 .text.nrf_drv_rtc_cc_set
                0x00025658      0x10c C:\Users\user\AppData\Local\Temp\ccLO868O.ltrans14.ltrans.o
                0x00025658                nrf_drv_rtc_cc_set
 .text.nrf_drv_rtc_overflow_enable
                0x00025764       0x50 C:\Users\user\AppData\Local\Temp\ccLO868O.ltrans14.ltrans.o
                0x00025764                nrf_drv_rtc_overflow_enable
 .text.nrf_drv_rtc_int_handler
                0x000257b4      0x114 C:\Users\user\AppData\Local\Temp\ccLO868O.ltrans14.ltrans.o
 .text.RTC1_IRQHandler
                0x000258c8       0x14 C:\Users\user\AppData\Local\Temp\ccLO868O.ltrans14.ltrans.o
                0x000258c8                RTC1_IRQHandler
 .text.RTC2_IRQHandler
                0x000258dc       0x14 C:\Users\user\AppData\Local\Temp\ccLO868O.ltrans14.ltrans.o
                0x000258dc                RTC2_IRQHandler
 .text.nrf_saadc_task_trigger.lto_priv.612
                0x000258f0       0x1c C:\Users\user\AppData\Local\Temp\ccLO868O.ltrans14.ltrans.o
                0x000258f0                nrf_saadc_task_trigger.lto_priv.612
 .text.nrf_saadc_event_check.lto_priv.615
                0x0002590c       0x28 C:\Users\user\AppData\Local\Temp\ccLO868O.ltrans14.ltrans.o
                0x0002590c                nrf_saadc_event_check.lto_priv.615
 .text.nrf_saadc_event_clear.lto_priv.613
                0x00025934       0x30 C:\Users\user\AppData\Local\Temp\ccLO868O.ltrans14.ltrans.o
                0x00025934                nrf_saadc_event_clear.lto_priv.613
 .text.nrf_saadc_buffer_init.lto_priv.614
                0x00025964       0x20 C:\Users\user\AppData\Local\Temp\ccLO868O.ltrans14.ltrans.o
                0x00025964                nrf_saadc_buffer_init.lto_priv.614
 .text.nrf_drv_clock_lfclk_is_running
                0x00025984       0x1c C:\Users\user\AppData\Local\Temp\ccLO868O.ltrans15.ltrans.o
                0x00025984                nrf_drv_clock_lfclk_is_running
 .text.clock_clk_started_notify
                0x000259a0       0x48 C:\Users\user\AppData\Local\Temp\ccLO868O.ltrans15.ltrans.o
 .text.POWER_CLOCK_IRQHandler
                0x000259e8       0x58 C:\Users\user\AppData\Local\Temp\ccLO868O.ltrans15.ltrans.o
                0x000259e8                POWER_CLOCK_IRQHandler
 .text.nrf_drv_clock_on_soc_event
                0x00025a40       0x18 C:\Users\user\AppData\Local\Temp\ccLO868O.ltrans15.ltrans.o
                0x00025a40                nrf_drv_clock_on_soc_event
 .text.NVIC_EnableIRQ
                0x00025a58       0x2c C:\Users\user\AppData\Local\Temp\ccLO868O.ltrans15.ltrans.o
 .text.NVIC_ClearPendingIRQ
                0x00025a84       0x2c C:\Users\user\AppData\Local\Temp\ccLO868O.ltrans15.ltrans.o
 .text.NVIC_SetPriority
                0x00025ab0       0x4c C:\Users\user\AppData\Local\Temp\ccLO868O.ltrans15.ltrans.o
 .text.nrf_drv_common_irq_enable
                0x00025afc       0x3c C:\Users\user\AppData\Local\Temp\ccLO868O.ltrans15.ltrans.o
                0x00025afc                nrf_drv_common_irq_enable
 .text.nrf_gpiote_event_is_set.lto_priv.676
                0x00025b38       0x2c C:\Users\user\AppData\Local\Temp\ccLO868O.ltrans15.ltrans.o
                0x00025b38                nrf_gpiote_event_is_set.lto_priv.676
 .text.nrf_gpiote_event_clear.lto_priv.675
                0x00025b64       0x34 C:\Users\user\AppData\Local\Temp\ccLO868O.ltrans15.ltrans.o
                0x00025b64                nrf_gpiote_event_clear.lto_priv.675
 .text.nrf_gpiote_event_addr_get.lto_priv.678
                0x00025b98       0x1c C:\Users\user\AppData\Local\Temp\ccLO868O.ltrans15.ltrans.o
                0x00025b98                nrf_gpiote_event_addr_get.lto_priv.678
 .text.nrf_gpiote_int_enable.lto_priv.688
                0x00025bb4       0x14 C:\Users\user\AppData\Local\Temp\ccLO868O.ltrans15.ltrans.o
                0x00025bb4                nrf_gpiote_int_enable.lto_priv.688
 .text.nrf_gpiote_int_is_enabled.lto_priv.677
                0x00025bc8       0x18 C:\Users\user\AppData\Local\Temp\ccLO868O.ltrans15.ltrans.o
                0x00025bc8                nrf_gpiote_int_is_enabled.lto_priv.677
 .text.nrf_gpiote_event_enable.lto_priv.689
                0x00025be0       0x28 C:\Users\user\AppData\Local\Temp\ccLO868O.ltrans15.ltrans.o
                0x00025be0                nrf_gpiote_event_enable.lto_priv.689
 .text.nrf_gpiote_event_configure.lto_priv.690
                0x00025c08       0x64 C:\Users\user\AppData\Local\Temp\ccLO868O.ltrans15.ltrans.o
                0x00025c08                nrf_gpiote_event_configure.lto_priv.690
 .text.nrf_gpiote_event_pin_get.lto_priv.674
                0x00025c6c       0x20 C:\Users\user\AppData\Local\Temp\ccLO868O.ltrans15.ltrans.o
                0x00025c6c                nrf_gpiote_event_pin_get.lto_priv.674
 .text.nrf_gpiote_event_polarity_get.lto_priv.673
                0x00025c8c       0x24 C:\Users\user\AppData\Local\Temp\ccLO868O.ltrans15.ltrans.o
                0x00025c8c                nrf_gpiote_event_polarity_get.lto_priv.673
 .text.nrf_gpio_pin_port_decode
                0x00025cb0       0x10 C:\Users\user\AppData\Local\Temp\ccLO868O.ltrans15.ltrans.o
 .text.nrf_gpio_cfg
                0x00025cc0       0x60 C:\Users\user\AppData\Local\Temp\ccLO868O.ltrans15.ltrans.o
 .text.nrf_gpio_cfg_input.lto_priv.691
                0x00025d20       0x2c C:\Users\user\AppData\Local\Temp\ccLO868O.ltrans15.ltrans.o
                0x00025d20                nrf_gpio_cfg_input.lto_priv.691
 .text.nrf_gpio_cfg_watcher.lto_priv.692
                0x00025d4c       0x38 C:\Users\user\AppData\Local\Temp\ccLO868O.ltrans15.ltrans.o
                0x00025d4c                nrf_gpio_cfg_watcher.lto_priv.692
 .text.nrf_gpio_cfg_sense_set.lto_priv.667
                0x00025d84       0x58 C:\Users\user\AppData\Local\Temp\ccLO868O.ltrans15.ltrans.o
                0x00025d84                nrf_gpio_cfg_sense_set.lto_priv.667
 .text.nrf_gpio_pin_read.lto_priv.680
                0x00025ddc       0x2c C:\Users\user\AppData\Local\Temp\ccLO868O.ltrans15.ltrans.o
                0x00025ddc                nrf_gpio_pin_read.lto_priv.680
 .text.nrf_gpio_pin_sense_get.lto_priv.669
                0x00025e08       0x2c C:\Users\user\AppData\Local\Temp\ccLO868O.ltrans15.ltrans.o
                0x00025e08                nrf_gpio_pin_sense_get.lto_priv.669
 .text.nrf_gpio_port_in_read
                0x00025e34       0x10 C:\Users\user\AppData\Local\Temp\ccLO868O.ltrans15.ltrans.o
 .text.nrf_gpio_ports_read.lto_priv.666
                0x00025e44       0x4c C:\Users\user\AppData\Local\Temp\ccLO868O.ltrans15.ltrans.o
                0x00025e44                nrf_gpio_ports_read.lto_priv.666
 .text.nrf_bitmask_bit_is_set.lto_priv.668
                0x00025e90       0x30 C:\Users\user\AppData\Local\Temp\ccLO868O.ltrans15.ltrans.o
                0x00025e90                nrf_bitmask_bit_is_set.lto_priv.668
 .text.nrf_bitmask_bit_set.lto_priv.670
                0x00025ec0       0x40 C:\Users\user\AppData\Local\Temp\ccLO868O.ltrans15.ltrans.o
                0x00025ec0                nrf_bitmask_bit_set.lto_priv.670
 .text.pin_in_use_by_te.lto_priv.679
                0x00025f00       0x3c C:\Users\user\AppData\Local\Temp\ccLO868O.ltrans15.ltrans.o
                0x00025f00                pin_in_use_by_te.lto_priv.679
 .text.pin_in_use_by_port.lto_priv.687
                0x00025f3c       0x24 C:\Users\user\AppData\Local\Temp\ccLO868O.ltrans15.ltrans.o
                0x00025f3c                pin_in_use_by_port.lto_priv.687
 .text.pin_in_use_by_gpiote.lto_priv.694
                0x00025f60       0x24 C:\Users\user\AppData\Local\Temp\ccLO868O.ltrans15.ltrans.o
                0x00025f60                pin_in_use_by_gpiote.lto_priv.694
 .text.pin_in_use_by_te_set
                0x00025f84       0x50 C:\Users\user\AppData\Local\Temp\ccLO868O.ltrans15.ltrans.o
 .text.pin_in_use_clear.lto_priv.681
                0x00025fd4       0x18 C:\Users\user\AppData\Local\Temp\ccLO868O.ltrans15.ltrans.o
                0x00025fd4                pin_in_use_clear.lto_priv.681
 .text.channel_port_get.lto_priv.672
                0x00025fec       0x1c C:\Users\user\AppData\Local\Temp\ccLO868O.ltrans15.ltrans.o
                0x00025fec                channel_port_get.lto_priv.672
 .text.channel_handler_get.lto_priv.671
                0x00026008       0x18 C:\Users\user\AppData\Local\Temp\ccLO868O.ltrans15.ltrans.o
                0x00026008                channel_handler_get.lto_priv.671
 .text.channel_port_alloc.lto_priv.693
                0x00026020       0x7c C:\Users\user\AppData\Local\Temp\ccLO868O.ltrans15.ltrans.o
                0x00026020                channel_port_alloc.lto_priv.693
 .text.channel_free.lto_priv.682
                0x0002609c       0x38 C:\Users\user\AppData\Local\Temp\ccLO868O.ltrans15.ltrans.o
                0x0002609c                channel_free.lto_priv.682
 .text.nrf_drv_gpiote_init
                0x000260d4       0x90 C:\Users\user\AppData\Local\Temp\ccLO868O.ltrans15.ltrans.o
                0x000260d4                nrf_drv_gpiote_init
 .text.nrf_drv_gpiote_is_init
                0x00026164       0x18 C:\Users\user\AppData\Local\Temp\ccLO868O.ltrans15.ltrans.o
                0x00026164                nrf_drv_gpiote_is_init
 .text.nrf_clock_int_enable
                0x0002617c       0x14 C:\Users\user\AppData\Local\Temp\ccLO868O.ltrans16.ltrans.o
 .text.nrf_clock_int_disable.lto_priv.783
                0x00026190       0x14 C:\Users\user\AppData\Local\Temp\ccLO868O.ltrans16.ltrans.o
                0x00026190                nrf_clock_int_disable.lto_priv.783
 .text.nrf_clock_task_trigger
                0x000261a4       0x18 C:\Users\user\AppData\Local\Temp\ccLO868O.ltrans16.ltrans.o
 .text.nrf_clock_event_clear.lto_priv.784
                0x000261bc       0x28 C:\Users\user\AppData\Local\Temp\ccLO868O.ltrans16.ltrans.o
                0x000261bc                nrf_clock_event_clear.lto_priv.784
 .text.nrf_clock_event_check.lto_priv.785
                0x000261e4       0x24 C:\Users\user\AppData\Local\Temp\ccLO868O.ltrans16.ltrans.o
                0x000261e4                nrf_clock_event_check.lto_priv.785
 .text.nrf_clock_lf_src_set
                0x00026208       0x1c C:\Users\user\AppData\Local\Temp\ccLO868O.ltrans16.ltrans.o
 .text.nrf_clock_lf_is_running.lto_priv.791
                0x00026224       0x1c C:\Users\user\AppData\Local\Temp\ccLO868O.ltrans16.ltrans.o
                0x00026224                nrf_clock_lf_is_running.lto_priv.791
 .text.nrf_drv_common_irq_enable_check
                0x00026240       0x38 C:\Users\user\AppData\Local\Temp\ccLO868O.ltrans16.ltrans.o
 .text.nrf_drv_common_power_clock_irq_init
                0x00026278       0x20 C:\Users\user\AppData\Local\Temp\ccLO868O.ltrans16.ltrans.o
 .text.lfclk_start
                0x00026298       0x18 C:\Users\user\AppData\Local\Temp\ccLO868O.ltrans16.ltrans.o
 .text.nrf_drv_clock_init
                0x000262b0       0x5c C:\Users\user\AppData\Local\Temp\ccLO868O.ltrans16.ltrans.o
                0x000262b0                nrf_drv_clock_init
 .text.item_enqueue.lto_priv.790
                0x0002630c       0x34 C:\Users\user\AppData\Local\Temp\ccLO868O.ltrans16.ltrans.o
                0x0002630c                item_enqueue.lto_priv.790
 .text.item_dequeue.lto_priv.786
                0x00026340       0x20 C:\Users\user\AppData\Local\Temp\ccLO868O.ltrans16.ltrans.o
                0x00026340                item_dequeue.lto_priv.786
 .text.nrf_drv_clock_lfclk_request
                0x00026360       0x90 C:\Users\user\AppData\Local\Temp\ccLO868O.ltrans16.ltrans.o
                0x00026360                nrf_drv_clock_lfclk_request
 .text          0x000263f0       0x58 obj\teia_uwb_tag\gcc_startup_nrf52.o
                0x000263f0                Reset_Handler
                0x00026434                NMI_Handler
                0x00026436                HardFault_Handler
                0x00026438                MemoryManagement_Handler
                0x0002643a                BusFault_Handler
                0x0002643c                UsageFault_Handler
                0x0002643e                SVC_Handler
                0x00026440                DebugMon_Handler
                0x00026442                PendSV_Handler
                0x00026444                SysTick_Handler
                0x00026446                PDM_IRQHandler
                0x00026446                TEMP_IRQHandler
                0x00026446                QDEC_IRQHandler
                0x00026446                TIMER3_IRQHandler
                0x00026446                FPU_IRQHandler
                0x00026446                RADIO_IRQHandler
                0x00026446                TIMER4_IRQHandler
                0x00026446                RTC0_IRQHandler
                0x00026446                SWI4_EGU4_IRQHandler
                0x00026446                TIMER0_IRQHandler
                0x00026446                SWI0_EGU0_IRQHandler
                0x00026446                TIMER1_IRQHandler
                0x00026446                PWM2_IRQHandler
                0x00026446                ECB_IRQHandler
                0x00026446                Default_Handler
                0x00026446                CCM_AAR_IRQHandler
                0x00026446                PWM1_IRQHandler
                0x00026446                SWI5_EGU5_IRQHandler
                0x00026446                RNG_IRQHandler
                0x00026446                PWM0_IRQHandler
                0x00026446                SWI3_EGU3_IRQHandler
                0x00026446                SWI1_EGU1_IRQHandler
                0x00026446                SPIM2_SPIS2_SPI2_IRQHandler
                0x00026446                NFCT_IRQHandler
                0x00026446                I2S_IRQHandler
                0x00026446                MWU_IRQHandler
                0x00026446                TIMER2_IRQHandler
                0x00026446                COMP_LPCOMP_IRQHandler
 .text.memcpy   0x00026448       0x16 c:/program files (x86)/embitz/1.11/share/em_armgcc/bin/../lib/gcc/arm-none-eabi/5.4.1/../../../../arm-none-eabi/lib/armv7e-m/softfp\libc_n.a(lib_a-memcpy-stub.o)
                0x00026448                memcpy
 .text.memset   0x0002645e       0x10 c:/program files (x86)/embitz/1.11/share/em_armgcc/bin/../lib/gcc/arm-none-eabi/5.4.1/../../../../arm-none-eabi/lib/armv7e-m/softfp\libc_n.a(lib_a-memset.o)
                0x0002645e                memset
 *fill*         0x0002646e        0x2 
 .text.printf   0x00026470       0x30 c:/program files (x86)/embitz/1.11/share/em_armgcc/bin/../lib/gcc/arm-none-eabi/5.4.1/../../../../arm-none-eabi/lib/armv7e-m/softfp\libc_n.a(lib_a-printf.o)
                0x00026470                iprintf
                0x00026470                printf
 .text._cleanup_r
                0x000264a0        0xc c:/program files (x86)/embitz/1.11/share/em_armgcc/bin/../lib/gcc/arm-none-eabi/5.4.1/../../../../arm-none-eabi/lib/armv7e-m/softfp\libc_n.a(lib_a-findfp.o)
                0x000264a0                _cleanup_r
 .text.std.isra.0
                0x000264ac       0x48 c:/program files (x86)/embitz/1.11/share/em_armgcc/bin/../lib/gcc/arm-none-eabi/5.4.1/../../../../arm-none-eabi/lib/armv7e-m/softfp\libc_n.a(lib_a-findfp.o)
 .text.__sfmoreglue
                0x000264f4       0x2c c:/program files (x86)/embitz/1.11/share/em_armgcc/bin/../lib/gcc/arm-none-eabi/5.4.1/../../../../arm-none-eabi/lib/armv7e-m/softfp\libc_n.a(lib_a-findfp.o)
                0x000264f4                __sfmoreglue
 .text.__sinit  0x00026520       0x60 c:/program files (x86)/embitz/1.11/share/em_armgcc/bin/../lib/gcc/arm-none-eabi/5.4.1/../../../../arm-none-eabi/lib/armv7e-m/softfp\libc_n.a(lib_a-findfp.o)
                0x00026520                __sinit
 .text.__sfp    0x00026580       0x78 c:/program files (x86)/embitz/1.11/share/em_armgcc/bin/../lib/gcc/arm-none-eabi/5.4.1/../../../../arm-none-eabi/lib/armv7e-m/softfp\libc_n.a(lib_a-findfp.o)
                0x00026580                __sfp
 .text._fwalk_reent
                0x000265f8       0x3c c:/program files (x86)/embitz/1.11/share/em_armgcc/bin/../lib/gcc/arm-none-eabi/5.4.1/../../../../arm-none-eabi/lib/armv7e-m/softfp\libc_n.a(lib_a-fwalk.o)
                0x000265f8                _fwalk_reent
 .text._free_r  0x00026634       0x9c c:/program files (x86)/embitz/1.11/share/em_armgcc/bin/../lib/gcc/arm-none-eabi/5.4.1/../../../../arm-none-eabi/lib/armv7e-m/softfp\libc_n.a(lib_a-nano-freer.o)
                0x00026634                _free_r
 .text._malloc_r
                0x000266d0       0xbc c:/program files (x86)/embitz/1.11/share/em_armgcc/bin/../lib/gcc/arm-none-eabi/5.4.1/../../../../arm-none-eabi/lib/armv7e-m/softfp\libc_n.a(lib_a-nano-mallocr.o)
                0x000266d0                _malloc_r
 .text.__sfputc_r
                0x0002678c       0x30 c:/program files (x86)/embitz/1.11/share/em_armgcc/bin/../lib/gcc/arm-none-eabi/5.4.1/../../../../arm-none-eabi/lib/armv7e-m/softfp\libc_n.a(lib_a-nano-vfprintf.o)
 .text.__sfputs_r
                0x000267bc       0x24 c:/program files (x86)/embitz/1.11/share/em_armgcc/bin/../lib/gcc/arm-none-eabi/5.4.1/../../../../arm-none-eabi/lib/armv7e-m/softfp\libc_n.a(lib_a-nano-vfprintf.o)
                0x000267bc                __sfputs_r
 .text._vfprintf_r
                0x000267e0      0x238 c:/program files (x86)/embitz/1.11/share/em_armgcc/bin/../lib/gcc/arm-none-eabi/5.4.1/../../../../arm-none-eabi/lib/armv7e-m/softfp\libc_n.a(lib_a-nano-vfprintf.o)
                0x000267e0                _vfprintf_r
                0x000267e0                _vfiprintf_r
 .text._printf_common
                0x00026a18       0xec c:/program files (x86)/embitz/1.11/share/em_armgcc/bin/../lib/gcc/arm-none-eabi/5.4.1/../../../../arm-none-eabi/lib/armv7e-m/softfp\libc_n.a(lib_a-nano-vfprintf_i.o)
                0x00026a18                _printf_common
 .text._printf_i
                0x00026b04      0x24c c:/program files (x86)/embitz/1.11/share/em_armgcc/bin/../lib/gcc/arm-none-eabi/5.4.1/../../../../arm-none-eabi/lib/armv7e-m/softfp\libc_n.a(lib_a-nano-vfprintf_i.o)
                0x00026b04                _printf_i
 .text._sbrk_r  0x00026d50       0x20 c:/program files (x86)/embitz/1.11/share/em_armgcc/bin/../lib/gcc/arm-none-eabi/5.4.1/../../../../arm-none-eabi/lib/armv7e-m/softfp\libc_n.a(lib_a-sbrkr.o)
                0x00026d50                _sbrk_r
 .text.__sread  0x00026d70       0x22 c:/program files (x86)/embitz/1.11/share/em_armgcc/bin/../lib/gcc/arm-none-eabi/5.4.1/../../../../arm-none-eabi/lib/armv7e-m/softfp\libc_n.a(lib_a-stdio.o)
                0x00026d70                __sread
 .text.__swrite
                0x00026d92       0x38 c:/program files (x86)/embitz/1.11/share/em_armgcc/bin/../lib/gcc/arm-none-eabi/5.4.1/../../../../arm-none-eabi/lib/armv7e-m/softfp\libc_n.a(lib_a-stdio.o)
                0x00026d92                __swrite
 .text.__sseek  0x00026dca       0x24 c:/program files (x86)/embitz/1.11/share/em_armgcc/bin/../lib/gcc/arm-none-eabi/5.4.1/../../../../arm-none-eabi/lib/armv7e-m/softfp\libc_n.a(lib_a-stdio.o)
                0x00026dca                __sseek
 .text.__sclose
                0x00026dee        0x8 c:/program files (x86)/embitz/1.11/share/em_armgcc/bin/../lib/gcc/arm-none-eabi/5.4.1/../../../../arm-none-eabi/lib/armv7e-m/softfp\libc_n.a(lib_a-stdio.o)
                0x00026dee                __sclose
 *fill*         0x00026df6        0x2 
 .text.__swbuf_r
                0x00026df8       0xa8 c:/program files (x86)/embitz/1.11/share/em_armgcc/bin/../lib/gcc/arm-none-eabi/5.4.1/../../../../arm-none-eabi/lib/armv7e-m/softfp\libc_n.a(lib_a-wbuf.o)
                0x00026df8                __swbuf_r
 .text._write_r
                0x00026ea0       0x24 c:/program files (x86)/embitz/1.11/share/em_armgcc/bin/../lib/gcc/arm-none-eabi/5.4.1/../../../../arm-none-eabi/lib/armv7e-m/softfp\libc_n.a(lib_a-writer.o)
                0x00026ea0                _write_r
 .text.__swsetup_r
                0x00026ec4       0xdc c:/program files (x86)/embitz/1.11/share/em_armgcc/bin/../lib/gcc/arm-none-eabi/5.4.1/../../../../arm-none-eabi/lib/armv7e-m/softfp\libc_n.a(lib_a-wsetup.o)
                0x00026ec4                __swsetup_r
 .text._close_r
                0x00026fa0       0x20 c:/program files (x86)/embitz/1.11/share/em_armgcc/bin/../lib/gcc/arm-none-eabi/5.4.1/../../../../arm-none-eabi/lib/armv7e-m/softfp\libc_n.a(lib_a-closer.o)
                0x00026fa0                _close_r
 .text.__sflush_r
                0x00026fc0      0x110 c:/program files (x86)/embitz/1.11/share/em_armgcc/bin/../lib/gcc/arm-none-eabi/5.4.1/../../../../arm-none-eabi/lib/armv7e-m/softfp\libc_n.a(lib_a-fflush.o)
                0x00026fc0                __sflush_r
 .text._fflush_r
                0x000270d0       0x54 c:/program files (x86)/embitz/1.11/share/em_armgcc/bin/../lib/gcc/arm-none-eabi/5.4.1/../../../../arm-none-eabi/lib/armv7e-m/softfp\libc_n.a(lib_a-fflush.o)
                0x000270d0                _fflush_r
 .text._lseek_r
                0x00027124       0x24 c:/program files (x86)/embitz/1.11/share/em_armgcc/bin/../lib/gcc/arm-none-eabi/5.4.1/../../../../arm-none-eabi/lib/armv7e-m/softfp\libc_n.a(lib_a-lseekr.o)
                0x00027124                _lseek_r
 .text.__swhatbuf_r
                0x00027148       0x46 c:/program files (x86)/embitz/1.11/share/em_armgcc/bin/../lib/gcc/arm-none-eabi/5.4.1/../../../../arm-none-eabi/lib/armv7e-m/softfp\libc_n.a(lib_a-makebuf.o)
                0x00027148                __swhatbuf_r
 *fill*         0x0002718e        0x2 
 .text.__smakebuf_r
                0x00027190       0x78 c:/program files (x86)/embitz/1.11/share/em_armgcc/bin/../lib/gcc/arm-none-eabi/5.4.1/../../../../arm-none-eabi/lib/armv7e-m/softfp\libc_n.a(lib_a-makebuf.o)
                0x00027190                __smakebuf_r
 *fill*         0x00027208        0x8 
 .text          0x00027210       0xa0 c:/program files (x86)/embitz/1.11/share/em_armgcc/bin/../lib/gcc/arm-none-eabi/5.4.1/../../../../arm-none-eabi/lib/armv7e-m/softfp\libc_n.a(lib_a-memchr.o)
                0x00027210                memchr
 .text.__malloc_lock
                0x000272b0        0x2 c:/program files (x86)/embitz/1.11/share/em_armgcc/bin/../lib/gcc/arm-none-eabi/5.4.1/../../../../arm-none-eabi/lib/armv7e-m/softfp\libc_n.a(lib_a-mlock.o)
                0x000272b0                __malloc_lock
 .text.__malloc_unlock
                0x000272b2        0x2 c:/program files (x86)/embitz/1.11/share/em_armgcc/bin/../lib/gcc/arm-none-eabi/5.4.1/../../../../arm-none-eabi/lib/armv7e-m/softfp\libc_n.a(lib_a-mlock.o)
                0x000272b2                __malloc_unlock
 .text._read_r  0x000272b4       0x24 c:/program files (x86)/embitz/1.11/share/em_armgcc/bin/../lib/gcc/arm-none-eabi/5.4.1/../../../../arm-none-eabi/lib/armv7e-m/softfp\libc_n.a(lib_a-readr.o)
                0x000272b4                _read_r
 .text._fstat_r
                0x000272d8       0x24 c:/program files (x86)/embitz/1.11/share/em_armgcc/bin/../lib/gcc/arm-none-eabi/5.4.1/../../../../arm-none-eabi/lib/armv7e-m/softfp\libc_n.a(lib_a-fstatr.o)
                0x000272d8                _fstat_r
 .text._isatty_r
                0x000272fc       0x20 c:/program files (x86)/embitz/1.11/share/em_armgcc/bin/../lib/gcc/arm-none-eabi/5.4.1/../../../../arm-none-eabi/lib/armv7e-m/softfp\libc_n.a(lib_a-isattyr.o)
                0x000272fc                _isatty_r
 .text._close   0x0002731c       0x10 c:/program files (x86)/embitz/1.11/share/em_armgcc/bin/../lib/gcc/arm-none-eabi/5.4.1/../../../../arm-none-eabi/lib/armv7e-m/softfp\libnosys.a(close.o)
                0x0002731c                _close
 .text._fstat   0x0002732c       0x10 c:/program files (x86)/embitz/1.11/share/em_armgcc/bin/../lib/gcc/arm-none-eabi/5.4.1/../../../../arm-none-eabi/lib/armv7e-m/softfp\libnosys.a(fstat.o)
                0x0002732c                _fstat
 .text._isatty  0x0002733c       0x10 c:/program files (x86)/embitz/1.11/share/em_armgcc/bin/../lib/gcc/arm-none-eabi/5.4.1/../../../../arm-none-eabi/lib/armv7e-m/softfp\libnosys.a(isatty.o)
                0x0002733c                _isatty
 .text._lseek   0x0002734c       0x10 c:/program files (x86)/embitz/1.11/share/em_armgcc/bin/../lib/gcc/arm-none-eabi/5.4.1/../../../../arm-none-eabi/lib/armv7e-m/softfp\libnosys.a(lseek.o)
                0x0002734c                _lseek
 .text._read    0x0002735c       0x10 c:/program files (x86)/embitz/1.11/share/em_armgcc/bin/../lib/gcc/arm-none-eabi/5.4.1/../../../../arm-none-eabi/lib/armv7e-m/softfp\libnosys.a(read.o)
                0x0002735c                _read
 .text._sbrk    0x0002736c       0x1c c:/program files (x86)/embitz/1.11/share/em_armgcc/bin/../lib/gcc/arm-none-eabi/5.4.1/../../../../arm-none-eabi/lib/armv7e-m/softfp\libnosys.a(sbrk.o)
                0x0002736c                _sbrk
 .text          0x00027388      0x370 c:/program files (x86)/embitz/1.11/share/em_armgcc/bin/../lib/gcc/arm-none-eabi/5.4.1/armv7e-m/softfp\libgcc.a(_arm_addsubdf3.o)
                0x00027388                __aeabi_drsub
                0x00027390                __aeabi_dsub
                0x00027390                __subdf3
                0x00027394                __aeabi_dadd
                0x00027394                __adddf3
                0x0002760c                __floatunsidf
                0x0002760c                __aeabi_ui2d
                0x0002762c                __floatsidf
                0x0002762c                __aeabi_i2d
                0x00027650                __aeabi_f2d
                0x00027650                __extendsfdf2
                0x0002768c                __floatundidf
                0x0002768c                __aeabi_ul2d
                0x0002769c                __floatdidf
                0x0002769c                __aeabi_l2d
 .text          0x000276f8      0x424 c:/program files (x86)/embitz/1.11/share/em_armgcc/bin/../lib/gcc/arm-none-eabi/5.4.1/armv7e-m/softfp\libgcc.a(_arm_muldivdf3.o)
                0x000276f8                __aeabi_dmul
                0x000276f8                __muldf3
                0x0002794c                __divdf3
                0x0002794c                __aeabi_ddiv
 .text          0x00027b1c       0x40 c:/program files (x86)/embitz/1.11/share/em_armgcc/bin/../lib/gcc/arm-none-eabi/5.4.1/armv7e-m/softfp\libgcc.a(_arm_fixunsdfsi.o)
                0x00027b1c                __aeabi_d2uiz
                0x00027b1c                __fixunsdfsi
 .text          0x00027b5c      0x21c c:/program files (x86)/embitz/1.11/share/em_armgcc/bin/../lib/gcc/arm-none-eabi/5.4.1/armv7e-m/softfp\libgcc.a(_arm_addsubsf3.o)
                0x00027b5c                __aeabi_frsub
                0x00027b64                __subsf3
                0x00027b64                __aeabi_fsub
                0x00027b68                __aeabi_fadd
                0x00027b68                __addsf3
                0x00027cc8                __aeabi_ui2f
                0x00027cc8                __floatunsisf
                0x00027cd0                __aeabi_i2f
                0x00027cd0                __floatsisf
                0x00027cec                __aeabi_ul2f
                0x00027cec                __floatundisf
                0x00027cfc                __aeabi_l2f
                0x00027cfc                __floatdisf
 .text          0x00027d78      0x2a0 c:/program files (x86)/embitz/1.11/share/em_armgcc/bin/../lib/gcc/arm-none-eabi/5.4.1/armv7e-m/softfp\libgcc.a(_arm_muldivsf3.o)
                0x00027d78                __mulsf3
                0x00027d78                __aeabi_fmul
                0x00027ee0                __aeabi_fdiv
                0x00027ee0                __divsf3
 *(.init)
 *(.fini)
 *crtbegin.o(.ctors)
 *crtbegin?.o(.ctors)
 *(EXCLUDE_FILE(*crtend.o *crtend?.o) .ctors)
 *(SORT(.ctors.*))
 *(.ctors)
 *crtbegin.o(.dtors)
 *crtbegin?.o(.dtors)
 *(EXCLUDE_FILE(*crtend.o *crtend?.o) .dtors)
 *(SORT(.dtors.*))
 *(.dtors)
 *(.rodata*)
 .rodata.agc_config
                0x00028018        0x8 C:\Users\user\AppData\Local\Temp\ccLO868O.ltrans0.ltrans.o
                0x00028018                agc_config
 .rodata.sftsh  0x00028020        0xc C:\Users\user\AppData\Local\Temp\ccLO868O.ltrans0.ltrans.o
                0x00028020                sftsh
 .rodata.dtune1
                0x0002802c        0x4 C:\Users\user\AppData\Local\Temp\ccLO868O.ltrans0.ltrans.o
                0x0002802c                dtune1
 .rodata.lde_replicaCoeff
                0x00028030       0x32 C:\Users\user\AppData\Local\Temp\ccLO868O.ltrans0.ltrans.o
                0x00028030                lde_replicaCoeff
 *fill*         0x00028062        0x2 
 .rodata.CRC16_table.lto_priv.167
                0x00028064      0x200 C:\Users\user\AppData\Local\Temp\ccLO868O.ltrans0.ltrans.o
                0x00028064                CRC16_table.lto_priv.167
 .rodata.preambleCfg.7915.lto_priv.165
                0x00028264        0x8 C:\Users\user\AppData\Local\Temp\ccLO868O.ltrans0.ltrans.o
                0x00028264                preambleCfg.7915.lto_priv.165
 .rodata.prfCfg.7925.lto_priv.166
                0x0002826c        0x2 C:\Users\user\AppData\Local\Temp\ccLO868O.ltrans0.ltrans.o
                0x0002826c                prfCfg.7925.lto_priv.166
 *fill*         0x0002826e        0x2 
 .rodata.i2c.lto_priv.31
                0x00028270        0x8 C:\Users\user\AppData\Local\Temp\ccLO868O.ltrans0.ltrans.o
                0x00028270                i2c.lto_priv.31
 .rodata.spi.lto_priv.29
                0x00028278        0x8 C:\Users\user\AppData\Local\Temp\ccLO868O.ltrans0.ltrans.o
                0x00028278                spi.lto_priv.29
 .rodata.rtc0   0x00028280        0x8 C:\Users\user\AppData\Local\Temp\ccLO868O.ltrans0.ltrans.o
 .rodata.rtc1   0x00028288        0x8 C:\Users\user\AppData\Local\Temp\ccLO868O.ltrans0.ltrans.o
 .rodata.rtc2   0x00028290        0x8 C:\Users\user\AppData\Local\Temp\ccLO868O.ltrans0.ltrans.o
 .rodata        0x00028298       0x1d C:\Users\user\AppData\Local\Temp\ccLO868O.ltrans0.ltrans.o
 *fill*         0x000282b5        0x3 
 .rodata        0x000282b8       0x38 C:\Users\user\AppData\Local\Temp\ccLO868O.ltrans1.ltrans.o
 .rodata        0x000282f0       0x68 C:\Users\user\AppData\Local\Temp\ccLO868O.ltrans2.ltrans.o
 .rodata        0x00028358       0x20 C:\Users\user\AppData\Local\Temp\ccLO868O.ltrans8.ltrans.o
 .rodata.__sf_fake_stdin
                0x00028378       0x20 c:/program files (x86)/embitz/1.11/share/em_armgcc/bin/../lib/gcc/arm-none-eabi/5.4.1/../../../../arm-none-eabi/lib/armv7e-m/softfp\libc_n.a(lib_a-findfp.o)
                0x00028378                __sf_fake_stdin
 .rodata.__sf_fake_stdout
                0x00028398       0x20 c:/program files (x86)/embitz/1.11/share/em_armgcc/bin/../lib/gcc/arm-none-eabi/5.4.1/../../../../arm-none-eabi/lib/armv7e-m/softfp\libc_n.a(lib_a-findfp.o)
                0x00028398                __sf_fake_stdout
 .rodata.__sf_fake_stderr
                0x000283b8       0x20 c:/program files (x86)/embitz/1.11/share/em_armgcc/bin/../lib/gcc/arm-none-eabi/5.4.1/../../../../arm-none-eabi/lib/armv7e-m/softfp\libc_n.a(lib_a-findfp.o)
                0x000283b8                __sf_fake_stderr
 .rodata.str1.1
                0x000283d8        0x2 c:/program files (x86)/embitz/1.11/share/em_armgcc/bin/../lib/gcc/arm-none-eabi/5.4.1/../../../../arm-none-eabi/lib/armv7e-m/softfp\libc_n.a(lib_a-impure.o)
 *fill*         0x000283da        0x2 
 .rodata._global_impure_ptr
                0x000283dc        0x4 c:/program files (x86)/embitz/1.11/share/em_armgcc/bin/../lib/gcc/arm-none-eabi/5.4.1/../../../../arm-none-eabi/lib/armv7e-m/softfp\libc_n.a(lib_a-impure.o)
                0x000283dc                _global_impure_ptr
 .rodata.str1.1
                0x000283e0       0x11 c:/program files (x86)/embitz/1.11/share/em_armgcc/bin/../lib/gcc/arm-none-eabi/5.4.1/../../../../arm-none-eabi/lib/armv7e-m/softfp\libc_n.a(lib_a-nano-vfprintf.o)
 .rodata.str1.1
                0x000283f1       0x22 c:/program files (x86)/embitz/1.11/share/em_armgcc/bin/../lib/gcc/arm-none-eabi/5.4.1/../../../../arm-none-eabi/lib/armv7e-m/softfp\libc_n.a(lib_a-nano-vfprintf_i.o)
 *(.eh_frame*)

.glue_7         0x00028414        0x0
 .glue_7        0x00028414        0x0 linker stubs

.glue_7t        0x00028414        0x0
 .glue_7t       0x00028414        0x0 linker stubs

.vfp11_veneer   0x00028414        0x0
 .vfp11_veneer  0x00028414        0x0 linker stubs

.v4_bx          0x00028414        0x0
 .v4_bx         0x00028414        0x0 linker stubs

.iplt           0x00028414        0x0
 .iplt          0x00028414        0x0 obj\teia_uwb_tag\gcc_startup_nrf52.o

.rel.dyn        0x00028414        0x0
 .rel.iplt      0x00028414        0x0 obj\teia_uwb_tag\gcc_startup_nrf52.o

.ARM.extab
 *(.ARM.extab* .gnu.linkonce.armextab.*)
                0x00028414                __exidx_start = .

.ARM.exidx
 *(.ARM.exidx* .gnu.linkonce.armexidx.*)
                0x00028414                __exidx_end = .
                0x00028414                __etext = .

.data           0x200019c0       0xd8 load address 0x00028413
                0x200019c0                __data_start__ = .
 *(vtable)
 *(.data*)
 .data.app_uart_inst.lto_priv.285
                0x200019c0        0x8 C:\Users\user\AppData\Local\Temp\ccLO868O.ltrans0.ltrans.o
                0x200019c0                app_uart_inst.lto_priv.285
 .data.SystemCoreClock
                0x200019c8        0x4 C:\Users\user\AppData\Local\Temp\ccLO868O.ltrans0.ltrans.o
                0x200019c8                SystemCoreClock
 .data.chan_idx
                0x200019cc        0x8 C:\Users\user\AppData\Local\Temp\ccLO868O.ltrans0.ltrans.o
                0x200019cc                chan_idx
 .data.tx_config
                0x200019d4       0x18 C:\Users\user\AppData\Local\Temp\ccLO868O.ltrans0.ltrans.o
                0x200019d4                tx_config
 .data.pll2_config
                0x200019ec       0x1e C:\Users\user\AppData\Local\Temp\ccLO868O.ltrans0.ltrans.o
                0x200019ec                pll2_config
 *fill*         0x20001a0a        0x2 
 .data.rx_config
                0x20001a0c        0x2 C:\Users\user\AppData\Local\Temp\ccLO868O.ltrans0.ltrans.o
                0x20001a0c                rx_config
 *fill*         0x20001a0e        0x2 
 .data.dwnsSFDlen
                0x20001a10        0x3 C:\Users\user\AppData\Local\Temp\ccLO868O.ltrans0.ltrans.o
                0x20001a10                dwnsSFDlen
 *fill*         0x20001a13        0x1 
 .data.digital_bb_config
                0x20001a14       0x20 C:\Users\user\AppData\Local\Temp\ccLO868O.ltrans0.ltrans.o
                0x20001a14                digital_bb_config
 .data.impure_data
                0x20001a34       0x60 c:/program files (x86)/embitz/1.11/share/em_armgcc/bin/../lib/gcc/arm-none-eabi/5.4.1/../../../../arm-none-eabi/lib/armv7e-m/softfp\libc_n.a(lib_a-impure.o)
 .data._impure_ptr
                0x20001a94        0x4 c:/program files (x86)/embitz/1.11/share/em_armgcc/bin/../lib/gcc/arm-none-eabi/5.4.1/../../../../arm-none-eabi/lib/armv7e-m/softfp\libc_n.a(lib_a-impure.o)
                0x20001a94                _impure_ptr
                0x20001a98                . = ALIGN (0x4)
                [!provide]                PROVIDE (__preinit_array_start, .)
 *(.preinit_array)
                [!provide]                PROVIDE (__preinit_array_end, .)
                0x20001a98                . = ALIGN (0x4)
                [!provide]                PROVIDE (__init_array_start, .)
 *(SORT(.init_array.*))
 *(.init_array)
                [!provide]                PROVIDE (__init_array_end, .)
                0x20001a98                . = ALIGN (0x4)
                [!provide]                PROVIDE (__fini_array_start, .)
 *(SORT(.fini_array.*))
 *(.fini_array)
                [!provide]                PROVIDE (__fini_array_end, .)
 *(.jcr*)
                0x20001a98                . = ALIGN (0x4)
                0x20001a98                __data_end__ = .
LOAD obj\teia_uwb_tag\~#\nrf5_sdk_12.3.0_d7731ad\components\drivers_nrf\clock\nrf_drv_clock.o
LOAD C:\Users\user\AppData\Local\Temp\ccLO868O.ltrans0.ltrans.o
LOAD C:\Users\user\AppData\Local\Temp\ccLO868O.ltrans1.ltrans.o
LOAD C:\Users\user\AppData\Local\Temp\ccLO868O.ltrans2.ltrans.o
LOAD C:\Users\user\AppData\Local\Temp\ccLO868O.ltrans3.ltrans.o
LOAD C:\Users\user\AppData\Local\Temp\ccLO868O.ltrans4.ltrans.o
LOAD C:\Users\user\AppData\Local\Temp\ccLO868O.ltrans5.ltrans.o
LOAD C:\Users\user\AppData\Local\Temp\ccLO868O.ltrans6.ltrans.o
LOAD C:\Users\user\AppData\Local\Temp\ccLO868O.ltrans7.ltrans.o
LOAD C:\Users\user\AppData\Local\Temp\ccLO868O.ltrans8.ltrans.o
LOAD C:\Users\user\AppData\Local\Temp\ccLO868O.ltrans9.ltrans.o
LOAD C:\Users\user\AppData\Local\Temp\ccLO868O.ltrans10.ltrans.o
LOAD C:\Users\user\AppData\Local\Temp\ccLO868O.ltrans11.ltrans.o
LOAD C:\Users\user\AppData\Local\Temp\ccLO868O.ltrans12.ltrans.o
LOAD C:\Users\user\AppData\Local\Temp\ccLO868O.ltrans13.ltrans.o
LOAD C:\Users\user\AppData\Local\Temp\ccLO868O.ltrans14.ltrans.o
LOAD C:\Users\user\AppData\Local\Temp\ccLO868O.ltrans15.ltrans.o
LOAD C:\Users\user\AppData\Local\Temp\ccLO868O.ltrans16.ltrans.o
LOAD obj\teia_uwb_tag\~#\nrf5_sdk_12.3.0_d7731ad\components\drivers_nrf\common\nrf_drv_common.o
LOAD obj\teia_uwb_tag\~#\nrf5_sdk_12.3.0_d7731ad\components\drivers_nrf\gpiote\nrf_drv_gpiote.o
LOAD obj\teia_uwb_tag\~#\nrf5_sdk_12.3.0_d7731ad\components\drivers_nrf\hal\nrf_nvmc.o
LOAD obj\teia_uwb_tag\~#\nrf5_sdk_12.3.0_d7731ad\components\drivers_nrf\hal\nrf_saadc.o
LOAD obj\teia_uwb_tag\~#\nrf5_sdk_12.3.0_d7731ad\components\drivers_nrf\power\nrf_drv_power.o
LOAD obj\teia_uwb_tag\~#\nrf5_sdk_12.3.0_d7731ad\components\drivers_nrf\rtc\nrf_drv_rtc.o
LOAD obj\teia_uwb_tag\~#\nrf5_sdk_12.3.0_d7731ad\components\drivers_nrf\saadc\nrf_drv_saadc.o
LOAD obj\teia_uwb_tag\~#\nrf5_sdk_12.3.0_d7731ad\components\drivers_nrf\spi_master\nrf_drv_spi.o
LOAD obj\teia_uwb_tag\~#\nrf5_sdk_12.3.0_d7731ad\components\drivers_nrf\twi_master\nrf_drv_twi.o
LOAD obj\teia_uwb_tag\~#\nrf5_sdk_12.3.0_d7731ad\components\drivers_nrf\uart\nrf_drv_uart.o
LOAD obj\teia_uwb_tag\~#\nrf5_sdk_12.3.0_d7731ad\components\drivers_nrf\wdt\nrf_drv_wdt.o
LOAD obj\teia_uwb_tag\~#\nrf5_sdk_12.3.0_d7731ad\components\libraries\bootloader\dfu\nrf_dfu_mbr.o
LOAD obj\teia_uwb_tag\~#\nrf5_sdk_12.3.0_d7731ad\components\libraries\fifo\app_fifo.o
LOAD obj\teia_uwb_tag\~#\nrf5_sdk_12.3.0_d7731ad\components\libraries\log\src\nrf_log_backend_serial.o
LOAD obj\teia_uwb_tag\~#\nrf5_sdk_12.3.0_d7731ad\components\libraries\log\src\nrf_log_frontend.o
LOAD obj\teia_uwb_tag\~#\nrf5_sdk_12.3.0_d7731ad\components\libraries\mem_manager\mem_manager.o
LOAD obj\teia_uwb_tag\~#\nrf5_sdk_12.3.0_d7731ad\components\libraries\uart\app_uart.o
LOAD obj\teia_uwb_tag\~#\nrf5_sdk_12.3.0_d7731ad\components\libraries\util\app_error.o
LOAD obj\teia_uwb_tag\~#\nrf5_sdk_12.3.0_d7731ad\components\libraries\util\app_error_weak.o
LOAD obj\teia_uwb_tag\~#\nrf5_sdk_12.3.0_d7731ad\components\libraries\util\app_util_platform.o
LOAD obj\teia_uwb_tag\~#\nrf5_sdk_12.3.0_d7731ad\components\libraries\util\nrf_assert.o
LOAD obj\teia_uwb_tag\~#\nrf5_sdk_12.3.0_d7731ad\components\libraries\util\sdk_errors.o
LOAD obj\teia_uwb_tag\~#\nrf5_sdk_12.3.0_d7731ad\components\softdevice\common\softdevice_handler\softdevice_handler.o
LOAD obj\teia_uwb_tag\~#\nrf5_sdk_12.3.0_d7731ad\components\toolchain\system_nrf52.o
LOAD obj\teia_uwb_tag\~#\nrf5_sdk_12.3.0_d7731ad\external\segger_rtt\rtt_syscalls_gcc.o
LOAD obj\teia_uwb_tag\~#\nrf5_sdk_12.3.0_d7731ad\external\segger_rtt\segger_rtt.o
LOAD obj\teia_uwb_tag\~#\nrf5_sdk_12.3.0_d7731ad\external\segger_rtt\segger_rtt_printf.o
LOAD obj\teia_uwb_tag\application\teia_routines.o
LOAD obj\teia_uwb_tag\drivers\radios\dwm\deca_device.o
LOAD obj\teia_uwb_tag\drivers\radios\dwm\deca_params_init.o
LOAD obj\teia_uwb_tag\drivers\radios\dwm\deca_range_tables.o
LOAD obj\teia_uwb_tag\drivers\sensors\lis2dh12.o
LOAD obj\teia_uwb_tag\gcc_startup_nrf52.o
LOAD obj\teia_uwb_tag\main.o
LOAD obj\teia_uwb_tag\platform\dwm_routines.o
LOAD obj\teia_uwb_tag\platform\peripheral.o
LOAD obj\teia_uwb_tag\platform\timing.o
LOAD c:/program files (x86)/embitz/1.11/share/em_armgcc/bin/../lib/gcc/arm-none-eabi/5.4.1/../../../../arm-none-eabi/lib/armv7e-m/softfp\libc_n.a
LOAD c:/program files (x86)/embitz/1.11/share/em_armgcc/bin/../lib/gcc/arm-none-eabi/5.4.1/../../../../arm-none-eabi/lib/armv7e-m/softfp\libnosys.a
LOAD c:/program files (x86)/embitz/1.11/share/em_armgcc/bin/../lib/gcc/arm-none-eabi/5.4.1/../../../../arm-none-eabi/lib/armv7e-m/softfp\libc_n.a
LOAD c:/program files (x86)/embitz/1.11/share/em_armgcc/bin/../lib/gcc/arm-none-eabi/5.4.1/../../../../arm-none-eabi/lib/armv7e-m/softfp\libm.a
START GROUP
LOAD c:/program files (x86)/embitz/1.11/share/em_armgcc/bin/../lib/gcc/arm-none-eabi/5.4.1/armv7e-m/softfp\libgcc.a
LOAD c:/program files (x86)/embitz/1.11/share/em_armgcc/bin/../lib/gcc/arm-none-eabi/5.4.1/../../../../arm-none-eabi/lib/armv7e-m/softfp\libg_n.a
LOAD c:/program files (x86)/embitz/1.11/share/em_armgcc/bin/../lib/gcc/arm-none-eabi/5.4.1/../../../../arm-none-eabi/lib/armv7e-m/softfp\libc_n.a
END GROUP
START GROUP
LOAD c:/program files (x86)/embitz/1.11/share/em_armgcc/bin/../lib/gcc/arm-none-eabi/5.4.1/armv7e-m/softfp\libgcc.a
LOAD c:/program files (x86)/embitz/1.11/share/em_armgcc/bin/../lib/gcc/arm-none-eabi/5.4.1/../../../../arm-none-eabi/lib/armv7e-m/softfp\libc_n.a
LOAD c:/program files (x86)/embitz/1.11/share/em_armgcc/bin/../lib/gcc/arm-none-eabi/5.4.1/../../../../arm-none-eabi/lib/armv7e-m/softfp\libnosys_s.a
END GROUP
START GROUP
LOAD c:/program files (x86)/embitz/1.11/share/em_armgcc/bin/../lib/gcc/arm-none-eabi/5.4.1/armv7e-m/softfp\libgcc.a
LOAD c:/program files (x86)/embitz/1.11/share/em_armgcc/bin/../lib/gcc/arm-none-eabi/5.4.1/../../../../arm-none-eabi/lib/armv7e-m/softfp\libc.a
LOAD c:/program files (x86)/embitz/1.11/share/em_armgcc/bin/../lib/gcc/arm-none-eabi/5.4.1/../../../../arm-none-eabi/lib/armv7e-m/softfp\libnosys.a
END GROUP
START GROUP
LOAD c:/program files (x86)/embitz/1.11/share/em_armgcc/bin/../lib/gcc/arm-none-eabi/5.4.1/armv7e-m/softfp\libgcc.a
LOAD c:/program files (x86)/embitz/1.11/share/em_armgcc/bin/../lib/gcc/arm-none-eabi/5.4.1/../../../../arm-none-eabi/lib/armv7e-m/softfp\libc.a
LOAD c:/program files (x86)/embitz/1.11/share/em_armgcc/bin/../lib/gcc/arm-none-eabi/5.4.1/../../../../arm-none-eabi/lib/armv7e-m/softfp\libnosys.a
END GROUP

.igot.plt       0x20001a98        0x0 load address 0x000284ec
 .igot.plt      0x20001a98        0x0 obj\teia_uwb_tag\gcc_startup_nrf52.o

.fs_data        0x20001a98        0x0
                [!provide]                PROVIDE (__start_fs_data, .)
 *(.fs_data)
                [!provide]                PROVIDE (__stop_fs_data, .)

.pwr_mgmt_data  0x20001a98        0x0
                [!provide]                PROVIDE (__start_pwr_mgmt_data, .)
 *(.pwr_mgmt_data)
                [!provide]                PROVIDE (__stop_pwr_mgmt_data, .)

.bss            0x20001a98      0x6fc load address 0x000284f0
                0x20001a98                . = ALIGN (0x4)
                0x20001a98                __bss_start__ = .
 *(.bss*)
 .bss.m_clock_cb.lto_priv.782
                0x20001a98       0x14 C:\Users\user\AppData\Local\Temp\ccLO868O.ltrans0.ltrans.o
                0x20001a98                m_clock_cb.lto_priv.782
 .bss.m_cb.lto_priv.8
                0x20001aac       0x5c C:\Users\user\AppData\Local\Temp\ccLO868O.ltrans0.ltrans.o
                0x20001aac                m_cb.lto_priv.8
 .bss.m_handlers.lto_priv.665
                0x20001b08        0x8 C:\Users\user\AppData\Local\Temp\ccLO868O.ltrans0.ltrans.o
                0x20001b08                m_handlers.lto_priv.665
 .bss.m_cb.lto_priv.9
                0x20001b10        0x6 C:\Users\user\AppData\Local\Temp\ccLO868O.ltrans0.ltrans.o
                0x20001b10                m_cb.lto_priv.9
 *fill*         0x20001b16        0x2 
 .bss.m_cb.lto_priv.10
                0x20001b18       0x30 C:\Users\user\AppData\Local\Temp\ccLO868O.ltrans0.ltrans.o
                0x20001b18                m_cb.lto_priv.10
 .bss.m_cb.lto_priv.11
                0x20001b48       0x20 C:\Users\user\AppData\Local\Temp\ccLO868O.ltrans0.ltrans.o
                0x20001b48                m_cb.lto_priv.11
 .bss.m_cb.lto_priv.12
                0x20001b68       0x28 C:\Users\user\AppData\Local\Temp\ccLO868O.ltrans0.ltrans.o
                0x20001b68                m_cb.lto_priv.12
 .bss.test_cnt  0x20001b90        0x1 C:\Users\user\AppData\Local\Temp\ccLO868O.ltrans0.ltrans.o
                0x20001b90                test_cnt
 .bss.AT_LORA_FLAG_OK
                0x20001b91        0x1 C:\Users\user\AppData\Local\Temp\ccLO868O.ltrans0.ltrans.o
                0x20001b91                AT_LORA_FLAG_OK
 .bss.at_send_lora_state
                0x20001b92        0x1 C:\Users\user\AppData\Local\Temp\ccLO868O.ltrans0.ltrans.o
                0x20001b92                at_send_lora_state
 .bss.at_receive_lora_state
                0x20001b93        0x1 C:\Users\user\AppData\Local\Temp\ccLO868O.ltrans0.ltrans.o
                0x20001b93                at_receive_lora_state
 .bss.Uart_RXD  0x20001b94        0x1 C:\Users\user\AppData\Local\Temp\ccLO868O.ltrans0.ltrans.o