Archive member included to satisfy reference by file (symbol)

c:/program files (x86)/embitz/1.11/share/em_armgcc/bin/../lib/gcc/arm-none-eabi/5.4.1/../../../../arm-none-eabi/lib/armv7e-m/softfp\libc_n.a(lib_a-memcpy-stub.o)
                              obj\teia_uwb_tag\~#\nrf5_sdk_12.3.0_d7731ad\external\segger_rtt\segger_rtt.o (symbol from plugin) (memcpy)
c:/program files (x86)/embitz/1.11/share/em_armgcc/bin/../lib/gcc/arm-none-eabi/5.4.1/../../../../arm-none-eabi/lib/armv7e-m/softfp\libc_n.a(lib_a-memset.o)
                              obj\teia_uwb_tag\~#\nrf5_sdk_12.3.0_d7731ad\components\softdevice\common\softdevice_handler\softdevice_handler.o (symbol from plugin) (memset)
c:/program files (x86)/embitz/1.11/share/em_armgcc/bin/../lib/gcc/arm-none-eabi/5.4.1/../../../../arm-none-eabi/lib/armv7e-m/softfp\libc_n.a(lib_a-strcpy.o)
                              obj\teia_uwb_tag\~#\nrf5_sdk_12.3.0_d7731ad\external\segger_rtt\segger_rtt.o (symbol from plugin) (strcpy)
c:/program files (x86)/embitz/1.11/share/em_armgcc/bin/../lib/gcc/arm-none-eabi/5.4.1/../../../../arm-none-eabi/lib/armv7e-m/softfp\libc_n.a(lib_a-strlen.o)
                              obj\teia_uwb_tag\~#\nrf5_sdk_12.3.0_d7731ad\external\segger_rtt\segger_rtt.o (symbol from plugin) (strlen)

Discarded input sections

 .text          0x00000000        0x0 obj\teia_uwb_tag\~#\nrf5_sdk_12.3.0_d7731ad\components\drivers_nrf\clock\nrf_drv_clock.o (symbol from plugin)
 .text          0x00000000        0x0 C:\Users\calic\AppData\Local\Temp\ccFie6ps.ltrans0.ltrans.o
 .data          0x00000000        0x0 C:\Users\calic\AppData\Local\Temp\ccFie6ps.ltrans0.ltrans.o
 .bss           0x00000000        0x0 C:\Users\calic\AppData\Local\Temp\ccFie6ps.ltrans0.ltrans.o
 .bss.m_cb.lto_priv.3
                0x00000000        0x6 C:\Users\calic\AppData\Local\Temp\ccFie6ps.ltrans0.ltrans.o
 .rodata.m_default_config.lto_priv.0
                0x00000000        0x4 C:\Users\calic\AppData\Local\Temp\ccFie6ps.ltrans0.ltrans.o
 .bss.m_state.lto_priv.246
                0x00000000        0x1 C:\Users\calic\AppData\Local\Temp\ccFie6ps.ltrans0.ltrans.o
 .bss.m_alloc_index.lto_priv.245
                0x00000000        0x4 C:\Users\calic\AppData\Local\Temp\ccFie6ps.ltrans0.ltrans.o
 .rodata.m_default_config.lto_priv.1
                0x00000000        0xc C:\Users\calic\AppData\Local\Temp\ccFie6ps.ltrans0.ltrans.o
 .bss.tx_buffer.lto_priv.115
                0x00000000        0x1 C:\Users\calic\AppData\Local\Temp\ccFie6ps.ltrans0.ltrans.o
 .bss.rx_buffer.lto_priv.117
                0x00000000        0x1 C:\Users\calic\AppData\Local\Temp\ccFie6ps.ltrans0.ltrans.o
 .bss.rx_done.lto_priv.116
                0x00000000        0x1 C:\Users\calic\AppData\Local\Temp\ccFie6ps.ltrans0.ltrans.o
 .bss.m_event_handler.lto_priv.118
                0x00000000        0x4 C:\Users\calic\AppData\Local\Temp\ccFie6ps.ltrans0.ltrans.o
 .data.app_uart_inst.lto_priv.114
                0x00000000        0x8 C:\Users\calic\AppData\Local\Temp\ccFie6ps.ltrans0.ltrans.o
 .bss.m_error_data.6786.lto_priv.113
                0x00000000       0x20 C:\Users\calic\AppData\Local\Temp\ccFie6ps.ltrans0.ltrans.o
 .bss.nrf_nvic_state
                0x00000000        0xc C:\Users\calic\AppData\Local\Temp\ccFie6ps.ltrans0.ltrans.o
 .bss.m_in_critical_region.lto_priv.112
                0x00000000        0x4 C:\Users\calic\AppData\Local\Temp\ccFie6ps.ltrans0.ltrans.o
 .data._aTerminalId
                0x00000000       0x10 C:\Users\calic\AppData\Local\Temp\ccFie6ps.ltrans0.ltrans.o
 .bss._acUpBuffer.lto_priv.9
                0x00000000       0x40 C:\Users\calic\AppData\Local\Temp\ccFie6ps.ltrans0.ltrans.o
 .bss._acDownBuffer.lto_priv.10
                0x00000000       0x10 C:\Users\calic\AppData\Local\Temp\ccFie6ps.ltrans0.ltrans.o
 .bss._SEGGER_RTT
                0x00000000       0x78 C:\Users\calic\AppData\Local\Temp\ccFie6ps.ltrans0.ltrans.o
 .bss._ActiveTerminal
                0x00000000        0x1 C:\Users\calic\AppData\Local\Temp\ccFie6ps.ltrans0.ltrans.o
 .text._WriteBlocking
                0x00000000       0xb4 C:\Users\calic\AppData\Local\Temp\ccFie6ps.ltrans0.ltrans.o
 .text._WriteNoCheck
                0x00000000       0x7c C:\Users\calic\AppData\Local\Temp\ccFie6ps.ltrans0.ltrans.o
 .text._PostTerminalSwitch
                0x00000000       0x34 C:\Users\calic\AppData\Local\Temp\ccFie6ps.ltrans0.ltrans.o
 .text._GetAvailWriteSpace
                0x00000000       0x3c C:\Users\calic\AppData\Local\Temp\ccFie6ps.ltrans0.ltrans.o
 .text.SEGGER_RTT_ReadNoLock
                0x00000000      0x100 C:\Users\calic\AppData\Local\Temp\ccFie6ps.ltrans0.ltrans.o
 .text.SEGGER_RTT_Read
                0x00000000       0x40 C:\Users\calic\AppData\Local\Temp\ccFie6ps.ltrans0.ltrans.o
 .text.SEGGER_RTT_WriteSkipNoLock
                0x00000000      0x120 C:\Users\calic\AppData\Local\Temp\ccFie6ps.ltrans0.ltrans.o
 .text.SEGGER_RTT_WriteNoLock
[...]
Memory Configuration

Name             Origin             Length             Attributes
FLASH            0x0001f000         0x00054000         xr
RAM              0x200019c0         0x0000e640         xrw
*default*        0x00000000         0xffffffff

Linker script and memory map


.text           0x0001f000     0x1db8
 *(.isr_vector)
 .isr_vector    0x0001f000      0x400 obj\teia_uwb_tag\gcc_startup_nrf52.o
                0x0001f000                __isr_vector
 *(.text*)
 .text.main     0x0001f400        0x8 C:\Users\calic\AppData\Local\Temp\ccFie6ps.ltrans0.ltrans.o
                0x0001f400                main
 .text.intern_softdevice_events_execute
                0x0001f408      0x114 C:\Users\calic\AppData\Local\Temp\ccFie6ps.ltrans1.ltrans.o
 .text.SWI2_EGU2_IRQHandler
                0x0001f51c       0x34 C:\Users\calic\AppData\Local\Temp\ccFie6ps.ltrans1.ltrans.o
                0x0001f51c                SWI2_EGU2_IRQHandler
 .text.NVIC_SystemReset
                0x0001f550       0x24 C:\Users\calic\AppData\Local\Temp\ccFie6ps.ltrans1.ltrans.o
 .text.SystemCoreClockUpdate
                0x0001f574       0x10 C:\Users\calic\AppData\Local\Temp\ccFie6ps.ltrans1.ltrans.o
 .text.SystemInit
                0x0001f584      0x250 C:\Users\calic\AppData\Local\Temp\ccFie6ps.ltrans1.ltrans.o
                0x0001f584                SystemInit
 .text.errata_16
                0x0001f7d4       0x38 C:\Users\calic\AppData\Local\Temp\ccFie6ps.ltrans1.ltrans.o
 .text.errata_31
                0x0001f80c       0x58 C:\Users\calic\AppData\Local\Temp\ccFie6ps.ltrans1.ltrans.o
 .text.errata_32
                0x0001f864       0x38 C:\Users\calic\AppData\Local\Temp\ccFie6ps.ltrans1.ltrans.o
 .text.errata_36
                0x0001f89c       0x58 C:\Users\calic\AppData\Local\Temp\ccFie6ps.ltrans1.ltrans.o
 .text.errata_37
                0x0001f8f4       0x38 C:\Users\calic\AppData\Local\Temp\ccFie6ps.ltrans1.ltrans.o
 .text.errata_57
                0x0001f92c       0x38 C:\Users\calic\AppData\Local\Temp\ccFie6ps.ltrans1.ltrans.o
 .text.errata_66
                0x0001f964       0x38 C:\Users\calic\AppData\Local\Temp\ccFie6ps.ltrans1.ltrans.o
 .text.errata_108
                0x0001f99c       0x58 C:\Users\calic\AppData\Local\Temp\ccFie6ps.ltrans1.ltrans.o
 .text.app_error_handler_bare
                0x0001f9f4       0x28 C:\Users\calic\AppData\Local\Temp\ccFie6ps.ltrans2.ltrans.o
                0x0001f9f4                app_error_handler_bare
 .text.NVIC_SystemReset
                0x0001fa1c       0x24 C:\Users\calic\AppData\Local\Temp\ccFie6ps.ltrans2.ltrans.o
 .text.app_error_fault_handler
                0x0001fa40       0x14 C:\Users\calic\AppData\Local\Temp\ccFie6ps.ltrans2.ltrans.o
                0x0001fa40                app_error_fault_handler
 .text.sd_evt_get.lto_priv.11
                0x0001fa54        0x8 C:\Users\calic\AppData\Local\Temp\ccFie6ps.ltrans2.ltrans.o
                0x0001fa54                sd_evt_get.lto_priv.11
 .text.sd_ble_evt_get.lto_priv.25
                0x0001fa5c        0x8 C:\Users\calic\AppData\Local\Temp\ccFie6ps.ltrans2.ltrans.o
                0x0001fa5c                sd_ble_evt_get.lto_priv.25
 .text.rx_done_event
                0x0001fa64       0x34 C:\Users\calic\AppData\Local\Temp\ccFie6ps.ltrans3.ltrans.o
 .text.tx_done_event
                0x0001fa98       0x3c C:\Users\calic\AppData\Local\Temp\ccFie6ps.ltrans3.ltrans.o
 .text.uarte_irq_handler
                0x0001fad4      0x148 C:\Users\calic\AppData\Local\Temp\ccFie6ps.ltrans3.ltrans.o
 .text.UARTE0_UART0_IRQHandler
                0x0001fc1c       0x1c C:\Users\calic\AppData\Local\Temp\ccFie6ps.ltrans3.ltrans.o
                0x0001fc1c                UARTE0_UART0_IRQHandler
 .text.nrf_wdt_event_clear
                0x0001fc38       0x30 C:\Users\calic\AppData\Local\Temp\ccFie6ps.ltrans3.ltrans.o
 .text.nrf_wdt_int_enable_check
                0x0001fc68       0x24 C:\Users\calic\AppData\Local\Temp\ccFie6ps.ltrans3.ltrans.o
 .text.WDT_IRQHandler
                0x0001fc8c       0x24 C:\Users\calic\AppData\Local\Temp\ccFie6ps.ltrans3.ltrans.o
                0x0001fc8c                WDT_IRQHandler
 .text.irq_handler_twim
                0x0001fcb0      0x20c C:\Users\calic\AppData\Local\Temp\ccFie6ps.ltrans5.ltrans.o
 .text.SPIM1_SPIS1_TWIM1_TWIS1_SPI1_TWI1_IRQHandler
                0x0001febc       0x14 C:\Users\calic\AppData\Local\Temp\ccFie6ps.ltrans5.ltrans.o
                0x0001febc                SPIM1_SPIS1_TWIM1_TWIS1_SPI1_TWI1_IRQHandler
 .text.nrf_uarte_event_clear.lto_priv.249
                0x0001fed0       0x28 C:\Users\calic\AppData\Local\Temp\ccFie6ps.ltrans5.ltrans.o
                0x0001fed0                nrf_uarte_event_clear.lto_priv.249
 .text.nrf_uarte_event_check.lto_priv.250
                0x0001fef8       0x24 C:\Users\calic\AppData\Local\Temp\ccFie6ps.ltrans5.ltrans.o
                0x0001fef8                nrf_uarte_event_check.lto_priv.250
 .text.nrf_uarte_shorts_disable.lto_priv.252
                0x0001ff1c       0x1c C:\Users\calic\AppData\Local\Temp\ccFie6ps.ltrans5.ltrans.o
                0x0001ff1c                nrf_uarte_shorts_disable.lto_priv.252
 .text.nrf_uarte_errorsrc_get_and_clear.lto_priv.253
                0x0001ff38       0x1c C:\Users\calic\AppData\Local\Temp\ccFie6ps.ltrans5.ltrans.o
                0x0001ff38                nrf_uarte_errorsrc_get_and_clear.lto_priv.253
 .text.nrf_uarte_tx_amount_get.lto_priv.248
                0x0001ff54       0x10 C:\Users\calic\AppData\Local\Temp\ccFie6ps.ltrans5.ltrans.o
                0x0001ff54                nrf_uarte_tx_amount_get.lto_priv.248
 .text.nrf_uarte_rx_amount_get.lto_priv.251
                0x0001ff64       0x10 C:\Users\calic\AppData\Local\Temp\ccFie6ps.ltrans5.ltrans.o
                0x0001ff64                nrf_uarte_rx_amount_get.lto_priv.251
 .text.nrf_gpio_port_out_set.lto_priv.419
                0x0001ff74       0x14 C:\Users\calic\AppData\Local\Temp\ccFie6ps.ltrans6.ltrans.o
                0x0001ff74                nrf_gpio_port_out_set.lto_priv.419
 .text.finish_transfer
                0x0001ff88       0x38 C:\Users\calic\AppData\Local\Temp\ccFie6ps.ltrans6.ltrans.o
 .text.transfer_byte
                0x0001ffc0       0xbc C:\Users\calic\AppData\Local\Temp\ccFie6ps.ltrans6.ltrans.o
 .text.irq_handler_spi
                0x0002007c       0x34 C:\Users\calic\AppData\Local\Temp\ccFie6ps.ltrans6.ltrans.o
 .text.SPIM0_SPIS0_TWIM0_TWIS0_SPI0_TWI0_IRQHandler
                0x000200b0       0x20 C:\Users\calic\AppData\Local\Temp\ccFie6ps.ltrans6.ltrans.o
                0x000200b0                SPIM0_SPIS0_TWIM0_TWIS0_SPI0_TWI0_IRQHandler
 .text.nrf_twim_task_trigger.lto_priv.303
                0x000200d0       0x1c C:\Users\calic\AppData\Local\Temp\ccFie6ps.ltrans6.ltrans.o
                0x000200d0                nrf_twim_task_trigger.lto_priv.303
 .text.nrf_twim_event_clear.lto_priv.307
                0x000200ec       0x28 C:\Users\calic\AppData\Local\Temp\ccFie6ps.ltrans6.ltrans.o
                0x000200ec                nrf_twim_event_clear.lto_priv.307
 .text.nrf_twim_event_check.lto_priv.310
                0x00020114       0x24 C:\Users\calic\AppData\Local\Temp\ccFie6ps.ltrans6.ltrans.o
                0x00020114                nrf_twim_event_check.lto_priv.310
 .text.nrf_twim_int_enable.lto_priv.304
                0x00020138       0x14 C:\Users\calic\AppData\Local\Temp\ccFie6ps.ltrans6.ltrans.o
                0x00020138                nrf_twim_int_enable.lto_priv.304
 .text.nrf_twim_int_disable.lto_priv.305
                0x0002014c       0x14 C:\Users\calic\AppData\Local\Temp\ccFie6ps.ltrans6.ltrans.o
                0x0002014c                nrf_twim_int_disable.lto_priv.305
 .text.nrf_twim_errorsrc_get_and_clear.lto_priv.302
                0x00020160       0x1c C:\Users\calic\AppData\Local\Temp\ccFie6ps.ltrans6.ltrans.o
                0x00020160                nrf_twim_errorsrc_get_and_clear.lto_priv.302
 .text.nrf_twim_shorts_set.lto_priv.306
                0x0002017c       0x14 C:\Users\calic\AppData\Local\Temp\ccFie6ps.ltrans6.ltrans.o
                0x0002017c                nrf_twim_shorts_set.lto_priv.306
 .text.nrf_twim_txd_amount_get.lto_priv.308
                0x00020190       0x10 C:\Users\calic\AppData\Local\Temp\ccFie6ps.ltrans6.ltrans.o
                0x00020190                nrf_twim_txd_amount_get.lto_priv.308
 .text.nrf_twim_rxd_amount_get.lto_priv.309
                0x000201a0       0x10 C:\Users\calic\AppData\Local\Temp\ccFie6ps.ltrans6.ltrans.o
                0x000201a0                nrf_twim_rxd_amount_get.lto_priv.309
 .text.SAADC_IRQHandler
                0x000201b0      0x250 C:\Users\calic\AppData\Local\Temp\ccFie6ps.ltrans7.ltrans.o
                0x000201b0                SAADC_IRQHandler
 .text.nrf_spi_event_clear.lto_priv.421
                0x00020400       0x28 C:\Users\calic\AppData\Local\Temp\ccFie6ps.ltrans7.ltrans.o
                0x00020400                nrf_spi_event_clear.lto_priv.421
 .text.nrf_spi_txd_set.lto_priv.426
                0x00020428       0x18 C:\Users\calic\AppData\Local\Temp\ccFie6ps.ltrans7.ltrans.o
                0x00020428                nrf_spi_txd_set.lto_priv.426
 .text.nrf_spi_rxd_get.lto_priv.428
                0x00020440       0x14 C:\Users\calic\AppData\Local\Temp\ccFie6ps.ltrans7.ltrans.o
                0x00020440                nrf_spi_rxd_get.lto_priv.428
 .text.nrf_gpio_pin_port_decode
                0x00020454       0x10 C:\Users\calic\AppData\Local\Temp\ccFie6ps.ltrans7.ltrans.o
 .text.nrf_gpio_pin_set.lto_priv.423
                0x00020464       0x28 C:\Users\calic\AppData\Local\Temp\ccFie6ps.ltrans7.ltrans.o
                0x00020464                nrf_gpio_pin_set.lto_priv.423
 .text.GPIOTE_IRQHandler
                0x0002048c      0x2dc C:\Users\calic\AppData\Local\Temp\ccFie6ps.ltrans8.ltrans.o
                0x0002048c                GPIOTE_IRQHandler
 .text.nrf_rtc_int_disable
                0x00020768       0x14 C:\Users\calic\AppData\Local\Temp\ccFie6ps.ltrans8.ltrans.o
 .text.nrf_rtc_int_is_enabled
                0x0002077c       0x18 C:\Users\calic\AppData\Local\Temp\ccFie6ps.ltrans8.ltrans.o
 .text.nrf_rtc_event_pending
                0x00020794       0x1c C:\Users\calic\AppData\Local\Temp\ccFie6ps.ltrans8.ltrans.o
 .text.nrf_rtc_event_clear
                0x000207b0       0x28 C:\Users\calic\AppData\Local\Temp\ccFie6ps.ltrans8.ltrans.o
 .text.nrf_rtc_event_disable
                0x000207d8       0x14 C:\Users\calic\AppData\Local\Temp\ccFie6ps.ltrans8.ltrans.o
 .text.nrf_drv_rtc_int_handler
                0x000207ec      0x114 C:\Users\calic\AppData\Local\Temp\ccFie6ps.ltrans8.ltrans.o
 .text.RTC1_IRQHandler
                0x00020900       0x14 C:\Users\calic\AppData\Local\Temp\ccFie6ps.ltrans8.ltrans.o
                0x00020900                RTC1_IRQHandler
 .text.RTC2_IRQHandler
                0x00020914       0x14 C:\Users\calic\AppData\Local\Temp\ccFie6ps.ltrans8.ltrans.o
                0x00020914                RTC2_IRQHandler
 .text.nrf_saadc_task_trigger.lto_priv.441
                0x00020928       0x1c C:\Users\calic\AppData\Local\Temp\ccFie6ps.ltrans8.ltrans.o
                0x00020928                nrf_saadc_task_trigger.lto_priv.441
 .text.nrf_saadc_event_check.lto_priv.444
                0x00020944       0x28 C:\Users\calic\AppData\Local\Temp\ccFie6ps.ltrans8.ltrans.o
                0x00020944                nrf_saadc_event_check.lto_priv.444
 .text.nrf_saadc_event_clear.lto_priv.442
                0x0002096c       0x30 C:\Users\calic\AppData\Local\Temp\ccFie6ps.ltrans8.ltrans.o
                0x0002096c                nrf_saadc_event_clear.lto_priv.442
 .text.nrf_saadc_buffer_init.lto_priv.443
                0x0002099c       0x20 C:\Users\calic\AppData\Local\Temp\ccFie6ps.ltrans8.ltrans.o
                0x0002099c                nrf_saadc_buffer_init.lto_priv.443
 .text.clock_clk_started_notify
                0x000209bc       0x48 C:\Users\calic\AppData\Local\Temp\ccFie6ps.ltrans9.ltrans.o
 .text.POWER_CLOCK_IRQHandler
                0x00020a04       0x58 C:\Users\calic\AppData\Local\Temp\ccFie6ps.ltrans9.ltrans.o
                0x00020a04                POWER_CLOCK_IRQHandler
 .text.nrf_drv_clock_on_soc_event
                0x00020a5c       0x18 C:\Users\calic\AppData\Local\Temp\ccFie6ps.ltrans9.ltrans.o
                0x00020a5c                nrf_drv_clock_on_soc_event
 .text.nrf_gpiote_event_is_set.lto_priv.505
                0x00020a74       0x2c C:\Users\calic\AppData\Local\Temp\ccFie6ps.ltrans9.ltrans.o
                0x00020a74                nrf_gpiote_event_is_set.lto_priv.505
 .text.nrf_gpiote_event_clear.lto_priv.504
                0x00020aa0       0x34 C:\Users\calic\AppData\Local\Temp\ccFie6ps.ltrans9.ltrans.o
                0x00020aa0                nrf_gpiote_event_clear.lto_priv.504
 .text.nrf_gpiote_event_addr_get.lto_priv.507
                0x00020ad4       0x1c C:\Users\calic\AppData\Local\Temp\ccFie6ps.ltrans9.ltrans.o
                0x00020ad4                nrf_gpiote_event_addr_get.lto_priv.507
 .text.nrf_gpiote_int_is_enabled.lto_priv.506
                0x00020af0       0x18 C:\Users\calic\AppData\Local\Temp\ccFie6ps.ltrans9.ltrans.o
                0x00020af0                nrf_gpiote_int_is_enabled.lto_priv.506
 .text.nrf_gpiote_event_pin_get.lto_priv.503
                0x00020b08       0x20 C:\Users\calic\AppData\Local\Temp\ccFie6ps.ltrans9.ltrans.o
                0x00020b08                nrf_gpiote_event_pin_get.lto_priv.503
 .text.nrf_gpiote_event_polarity_get.lto_priv.502
                0x00020b28       0x24 C:\Users\calic\AppData\Local\Temp\ccFie6ps.ltrans9.ltrans.o
                0x00020b28                nrf_gpiote_event_polarity_get.lto_priv.502
 .text.nrf_gpio_pin_port_decode
                0x00020b4c       0x10 C:\Users\calic\AppData\Local\Temp\ccFie6ps.ltrans9.ltrans.o
 .text.nrf_gpio_cfg_sense_set.lto_priv.496
                0x00020b5c       0x58 C:\Users\calic\AppData\Local\Temp\ccFie6ps.ltrans9.ltrans.o
                0x00020b5c                nrf_gpio_cfg_sense_set.lto_priv.496
 .text.nrf_gpio_pin_sense_get.lto_priv.498
                0x00020bb4       0x2c C:\Users\calic\AppData\Local\Temp\ccFie6ps.ltrans9.ltrans.o
                0x00020bb4                nrf_gpio_pin_sense_get.lto_priv.498
 .text.nrf_gpio_port_in_read
                0x00020be0       0x10 C:\Users\calic\AppData\Local\Temp\ccFie6ps.ltrans9.ltrans.o
 .text.nrf_gpio_ports_read.lto_priv.495
                0x00020bf0       0x4c C:\Users\calic\AppData\Local\Temp\ccFie6ps.ltrans9.ltrans.o
                0x00020bf0                nrf_gpio_ports_read.lto_priv.495
 .text.nrf_bitmask_bit_is_set.lto_priv.497
                0x00020c3c       0x30 C:\Users\calic\AppData\Local\Temp\ccFie6ps.ltrans9.ltrans.o
                0x00020c3c                nrf_bitmask_bit_is_set.lto_priv.497
 .text.nrf_bitmask_bit_set.lto_priv.499
                0x00020c6c       0x40 C:\Users\calic\AppData\Local\Temp\ccFie6ps.ltrans9.ltrans.o
                0x00020c6c                nrf_bitmask_bit_set.lto_priv.499
 .text.channel_port_get.lto_priv.501
                0x00020cac       0x1c C:\Users\calic\AppData\Local\Temp\ccFie6ps.ltrans9.ltrans.o
                0x00020cac                channel_port_get.lto_priv.501
 .text.channel_handler_get.lto_priv.500
                0x00020cc8       0x18 C:\Users\calic\AppData\Local\Temp\ccFie6ps.ltrans9.ltrans.o
                0x00020cc8                channel_handler_get.lto_priv.500
 .text.nrf_clock_int_disable.lto_priv.612
                0x00020ce0       0x14 C:\Users\calic\AppData\Local\Temp\ccFie6ps.ltrans10.ltrans.o
                0x00020ce0                nrf_clock_int_disable.lto_priv.612
 .text.nrf_clock_event_clear.lto_priv.613
                0x00020cf4       0x28 C:\Users\calic\AppData\Local\Temp\ccFie6ps.ltrans10.ltrans.o
                0x00020cf4                nrf_clock_event_clear.lto_priv.613
 .text.nrf_clock_event_check.lto_priv.614
                0x00020d1c       0x24 C:\Users\calic\AppData\Local\Temp\ccFie6ps.ltrans10.ltrans.o
                0x00020d1c                nrf_clock_event_check.lto_priv.614
 .text.item_dequeue.lto_priv.615
                0x00020d40       0x20 C:\Users\calic\AppData\Local\Temp\ccFie6ps.ltrans10.ltrans.o
                0x00020d40                item_dequeue.lto_priv.615
 .text          0x00020d60       0x58 obj\teia_uwb_tag\gcc_startup_nrf52.o
                0x00020d60                Reset_Handler
                0x00020da4                NMI_Handler
                0x00020da6                HardFault_Handler
                0x00020da8                MemoryManagement_Handler
                0x00020daa                BusFault_Handler
                0x00020dac                UsageFault_Handler
                0x00020dae                SVC_Handler
                0x00020db0                DebugMon_Handler
                0x00020db2                PendSV_Handler
                0x00020db4                SysTick_Handler
                0x00020db6                PDM_IRQHandler
                0x00020db6                TEMP_IRQHandler
                0x00020db6                QDEC_IRQHandler
                0x00020db6                TIMER3_IRQHandler
                0x00020db6                FPU_IRQHandler
                0x00020db6                RADIO_IRQHandler
                0x00020db6                TIMER4_IRQHandler
                0x00020db6                RTC0_IRQHandler
                0x00020db6                SWI4_EGU4_IRQHandler
                0x00020db6                TIMER0_IRQHandler
                0x00020db6                SWI0_EGU0_IRQHandler
                0x00020db6                TIMER1_IRQHandler
                0x00020db6                PWM2_IRQHandler
                0x00020db6                ECB_IRQHandler
                0x00020db6                Default_Handler
                0x00020db6                CCM_AAR_IRQHandler
                0x00020db6                PWM1_IRQHandler
                0x00020db6                SWI5_EGU5_IRQHandler
                0x00020db6                RNG_IRQHandler
                0x00020db6                PWM0_IRQHandler
                0x00020db6                SWI3_EGU3_IRQHandler
                0x00020db6                SWI1_EGU1_IRQHandler
                0x00020db6                SPIM2_SPIS2_SPI2_IRQHandler
                0x00020db6                NFCT_IRQHandler
                0x00020db6                I2S_IRQHandler
                0x00020db6                MWU_IRQHandler
                0x00020db6                TIMER2_IRQHandler
                0x00020db6                COMP_LPCOMP_IRQHandler
 *(.init)
 *(.fini)
 *crtbegin.o(.ctors)
 *crtbegin?.o(.ctors)
 *(EXCLUDE_FILE(*crtend.o *crtend?.o) .ctors)
 *(SORT(.ctors.*))
 *(.ctors)
 *crtbegin.o(.dtors)
 *crtbegin?.o(.dtors)
 *(EXCLUDE_FILE(*crtend.o *crtend?.o) .dtors)
 *(SORT(.dtors.*))
 *(.dtors)
 *(.rodata*)
 *(.eh_frame*)

.glue_7         0x00020db8        0x0
 .glue_7        0x00020db8        0x0 linker stubs

.glue_7t        0x00020db8        0x0
 .glue_7t       0x00020db8        0x0 linker stubs

.vfp11_veneer   0x00020db8        0x0
 .vfp11_veneer  0x00020db8        0x0 linker stubs

.v4_bx          0x00020db8        0x0
 .v4_bx         0x00020db8        0x0 linker stubs

.iplt           0x00020db8        0x0
 .iplt          0x00020db8        0x0 obj\teia_uwb_tag\gcc_startup_nrf52.o

.rel.dyn        0x00020db8        0x0
 .rel.iplt      0x00020db8        0x0 obj\teia_uwb_tag\gcc_startup_nrf52.o

.ARM.extab
 *(.ARM.extab* .gnu.linkonce.armextab.*)
                0x00020db8                __exidx_start = .

.ARM.exidx
 *(.ARM.exidx* .gnu.linkonce.armexidx.*)
                0x00020db8                __exidx_end = .
                0x00020db8                __etext = .

.data           0x200019c0        0x4 load address 0x00020db8
                0x200019c0                __data_start__ = .
 *(vtable)
 *(.data*)
 .data.SystemCoreClock
                0x200019c0        0x4 C:\Users\calic\AppData\Local\Temp\ccFie6ps.ltrans0.ltrans.o
                0x200019c0                SystemCoreClock
                0x200019c4                . = ALIGN (0x4)
                [!provide]                PROVIDE (__preinit_array_start, .)
 *(.preinit_array)
                [!provide]                PROVIDE (__preinit_array_end, .)
                0x200019c4                . = ALIGN (0x4)
                [!provide]                PROVIDE (__init_array_start, .)
 *(SORT(.init_array.*))
 *(.init_array)
                [!provide]                PROVIDE (__init_array_end, .)
                0x200019c4                . = ALIGN (0x4)
                [!provide]                PROVIDE (__fini_array_start, .)
 *(SORT(.fini_array.*))
 *(.fini_array)
                [!provide]                PROVIDE (__fini_array_end, .)
 *(.jcr*)
                0x200019c4                . = ALIGN (0x4)
                0x200019c4                __data_end__ = .
LOAD obj\teia_uwb_tag\~#\nrf5_sdk_12.3.0_d7731ad\components\drivers_nrf\clock\nrf_drv_clock.o
LOAD C:\Users\calic\AppData\Local\Temp\ccFie6ps.ltrans0.ltrans.o
LOAD C:\Users\calic\AppData\Local\Temp\ccFie6ps.ltrans1.ltrans.o
LOAD C:\Users\calic\AppData\Local\Temp\ccFie6ps.ltrans2.ltrans.o
LOAD C:\Users\calic\AppData\Local\Temp\ccFie6ps.ltrans3.ltrans.o
LOAD C:\Users\calic\AppData\Local\Temp\ccFie6ps.ltrans4.ltrans.o
LOAD C:\Users\calic\AppData\Local\Temp\ccFie6ps.ltrans5.ltrans.o
LOAD C:\Users\calic\AppData\Local\Temp\ccFie6ps.ltrans6.ltrans.o
LOAD C:\Users\calic\AppData\Local\Temp\ccFie6ps.ltrans7.ltrans.o
LOAD C:\Users\calic\AppData\Local\Temp\ccFie6ps.ltrans8.ltrans.o
LOAD C:\Users\calic\AppData\Local\Temp\ccFie6ps.ltrans9.ltrans.o
LOAD C:\Users\calic\AppData\Local\Temp\ccFie6ps.ltrans10.ltrans.o
LOAD obj\teia_uwb_tag\~#\nrf5_sdk_12.3.0_d7731ad\components\drivers_nrf\common\nrf_drv_common.o
LOAD obj\teia_uwb_tag\~#\nrf5_sdk_12.3.0_d7731ad\components\drivers_nrf\gpiote\nrf_drv_gpiote.o
LOAD obj\teia_uwb_tag\~#\nrf5_sdk_12.3.0_d7731ad\components\drivers_nrf\hal\nrf_nvmc.o
LOAD obj\teia_uwb_tag\~#\nrf5_sdk_12.3.0_d7731ad\components\drivers_nrf\hal\nrf_saadc.o
LOAD obj\teia_uwb_tag\~#\nrf5_sdk_12.3.0_d7731ad\components\drivers_nrf\power\nrf_drv_power.o
LOAD obj\teia_uwb_tag\~#\nrf5_sdk_12.3.0_d7731ad\components\drivers_nrf\rtc\nrf_drv_rtc.o
LOAD obj\teia_uwb_tag\~#\nrf5_sdk_12.3.0_d7731ad\components\drivers_nrf\saadc\nrf_drv_saadc.o
LOAD obj\teia_uwb_tag\~#\nrf5_sdk_12.3.0_d7731ad\components\drivers_nrf\spi_master\nrf_drv_spi.o
LOAD obj\teia_uwb_tag\~#\nrf5_sdk_12.3.0_d7731ad\components\drivers_nrf\twi_master\nrf_drv_twi.o
LOAD obj\teia_uwb_tag\~#\nrf5_sdk_12.3.0_d7731ad\components\drivers_nrf\uart\nrf_drv_uart.o
LOAD obj\teia_uwb_tag\~#\nrf5_sdk_12.3.0_d7731ad\components\drivers_nrf\wdt\nrf_drv_wdt.o
LOAD obj\teia_uwb_tag\~#\nrf5_sdk_12.3.0_d7731ad\components\libraries\bootloader\dfu\nrf_dfu_mbr.o
LOAD obj\teia_uwb_tag\~#\nrf5_sdk_12.3.0_d7731ad\components\libraries\fifo\app_fifo.o
LOAD obj\teia_uwb_tag\~#\nrf5_sdk_12.3.0_d7731ad\components\libraries\log\src\nrf_log_backend_serial.o
LOAD obj\teia_uwb_tag\~#\nrf5_sdk_12.3.0_d7731ad\components\libraries\log\src\nrf_log_frontend.o
LOAD obj\teia_uwb_tag\~#\nrf5_sdk_12.3.0_d7731ad\components\libraries\mem_manager\mem_manager.o
LOAD obj\teia_uwb_tag\~#\nrf5_sdk_12.3.0_d7731ad\components\libraries\uart\app_uart.o
LOAD obj\teia_uwb_tag\~#\nrf5_sdk_12.3.0_d7731ad\components\libraries\util\app_error.o
LOAD obj\teia_uwb_tag\~#\nrf5_sdk_12.3.0_d7731ad\components\libraries\util\app_error_weak.o
LOAD obj\teia_uwb_tag\~#\nrf5_sdk_12.3.0_d7731ad\components\libraries\util\app_util_platform.o
LOAD obj\teia_uwb_tag\~#\nrf5_sdk_12.3.0_d7731ad\components\libraries\util\nrf_assert.o
LOAD obj\teia_uwb_tag\~#\nrf5_sdk_12.3.0_d7731ad\components\libraries\util\sdk_errors.o
LOAD obj\teia_uwb_tag\~#\nrf5_sdk_12.3.0_d7731ad\components\softdevice\common\softdevice_handler\softdevice_handler.o
LOAD obj\teia_uwb_tag\~#\nrf5_sdk_12.3.0_d7731ad\components\toolchain\system_nrf52.o
LOAD obj\teia_uwb_tag\~#\nrf5_sdk_12.3.0_d7731ad\external\segger_rtt\rtt_syscalls_gcc.o
LOAD obj\teia_uwb_tag\~#\nrf5_sdk_12.3.0_d7731ad\external\segger_rtt\segger_rtt.o
LOAD obj\teia_uwb_tag\~#\nrf5_sdk_12.3.0_d7731ad\external\segger_rtt\segger_rtt_printf.o
LOAD obj\teia_uwb_tag\gcc_startup_nrf52.o
LOAD obj\teia_uwb_tag\main.o
LOAD c:/program files (x86)/embitz/1.11/share/em_armgcc/bin/../lib/gcc/arm-none-eabi/5.4.1/../../../../arm-none-eabi/lib/armv7e-m/softfp\libc_n.a
LOAD c:/program files (x86)/embitz/1.11/share/em_armgcc/bin/../lib/gcc/arm-none-eabi/5.4.1/../../../../arm-none-eabi/lib/armv7e-m/softfp\libnosys.a
LOAD c:/program files (x86)/embitz/1.11/share/em_armgcc/bin/../lib/gcc/arm-none-eabi/5.4.1/../../../../arm-none-eabi/lib/armv7e-m/softfp\libc_n.a
LOAD c:/program files (x86)/embitz/1.11/share/em_armgcc/bin/../lib/gcc/arm-none-eabi/5.4.1/../../../../arm-none-eabi/lib/armv7e-m/softfp\libm.a
START GROUP
LOAD c:/program files (x86)/embitz/1.11/share/em_armgcc/bin/../lib/gcc/arm-none-eabi/5.4.1/armv7e-m/softfp\libgcc.a
LOAD c:/program files (x86)/embitz/1.11/share/em_armgcc/bin/../lib/gcc/arm-none-eabi/5.4.1/../../../../arm-none-eabi/lib/armv7e-m/softfp\libg_n.a
LOAD c:/program files (x86)/embitz/1.11/share/em_armgcc/bin/../lib/gcc/arm-none-eabi/5.4.1/../../../../arm-none-eabi/lib/armv7e-m/softfp\libc_n.a
END GROUP
START GROUP
LOAD c:/program files (x86)/embitz/1.11/share/em_armgcc/bin/../lib/gcc/arm-none-eabi/5.4.1/armv7e-m/softfp\libgcc.a
LOAD c:/program files (x86)/embitz/1.11/share/em_armgcc/bin/../lib/gcc/arm-none-eabi/5.4.1/../../../../arm-none-eabi/lib/armv7e-m/softfp\libc_n.a
LOAD c:/program files (x86)/embitz/1.11/share/em_armgcc/bin/../lib/gcc/arm-none-eabi/5.4.1/../../../../arm-none-eabi/lib/armv7e-m/softfp\libnosys_s.a
END GROUP
START GROUP
LOAD c:/program files (x86)/embitz/1.11/share/em_armgcc/bin/../lib/gcc/arm-none-eabi/5.4.1/armv7e-m/softfp\libgcc.a
LOAD c:/program files (x86)/embitz/1.11/share/em_armgcc/bin/../lib/gcc/arm-none-eabi/5.4.1/../../../../arm-none-eabi/lib/armv7e-m/softfp\libc.a
LOAD c:/program files (x86)/embitz/1.11/share/em_armgcc/bin/../lib/gcc/arm-none-eabi/5.4.1/../../../../arm-none-eabi/lib/armv7e-m/softfp\libnosys.a
END GROUP
START GROUP
LOAD c:/program files (x86)/embitz/1.11/share/em_armgcc/bin/../lib/gcc/arm-none-eabi/5.4.1/armv7e-m/softfp\libgcc.a
LOAD c:/program files (x86)/embitz/1.11/share/em_armgcc/bin/../lib/gcc/arm-none-eabi/5.4.1/../../../../arm-none-eabi/lib/armv7e-m/softfp\libc.a
LOAD c:/program files (x86)/embitz/1.11/share/em_armgcc/bin/../lib/gcc/arm-none-eabi/5.4.1/../../../../arm-none-eabi/lib/armv7e-m/softfp\libnosys.a
END GROUP

.igot.plt       0x200019c4        0x0 load address 0x00020dbc
 .igot.plt      0x200019c4        0x0 obj\teia_uwb_tag\gcc_startup_nrf52.o

.fs_data        0x200019c4        0x0
                [!provide]                PROVIDE (__start_fs_data, .)
 *(.fs_data)
                [!provide]                PROVIDE (__stop_fs_data, .)

.pwr_mgmt_data  0x200019c4        0x0
                [!provide]                PROVIDE (__start_pwr_mgmt_data, .)
 *(.pwr_mgmt_data)
                [!provide]                PROVIDE (__stop_pwr_mgmt_data, .)

.bss            0x200019c4      0x12c load address 0x00020dbc
                0x200019c4                . = ALIGN (0x4)
                0x200019c4                __bss_start__ = .
 *(.bss*)
 .bss.m_clock_cb.lto_priv.611
                0x200019c4       0x14 C:\Users\calic\AppData\Local\Temp\ccFie6ps.ltrans0.ltrans.o
                0x200019c4                m_clock_cb.lto_priv.611
 .bss.m_cb.lto_priv.2
                0x200019d8       0x5c C:\Users\calic\AppData\Local\Temp\ccFie6ps.ltrans0.ltrans.o
                0x200019d8                m_cb.lto_priv.2
 .bss.m_handlers.lto_priv.494
                0x20001a34        0x8 C:\Users\calic\AppData\Local\Temp\ccFie6ps.ltrans0.ltrans.o
                0x20001a34                m_handlers.lto_priv.494
 .bss.m_cb.lto_priv.4
                0x20001a3c       0x30 C:\Users\calic\AppData\Local\Temp\ccFie6ps.ltrans0.ltrans.o
                0x20001a3c                m_cb.lto_priv.4
 .bss.m_cb.lto_priv.5
                0x20001a6c       0x20 C:\Users\calic\AppData\Local\Temp\ccFie6ps.ltrans0.ltrans.o
                0x20001a6c                m_cb.lto_priv.5
 .bss.m_cb.lto_priv.6
                0x20001a8c       0x28 C:\Users\calic\AppData\Local\Temp\ccFie6ps.ltrans0.ltrans.o
                0x20001a8c                m_cb.lto_priv.6
 .bss.m_cb.lto_priv.7
                0x20001ab4       0x20 C:\Users\calic\AppData\Local\Temp\ccFie6ps.ltrans0.ltrans.o
                0x20001ab4                m_cb.lto_priv.7
 .bss.m_wdt_event_handler.lto_priv.247
                0x20001ad4        0x4 C:\Users\calic\AppData\Local\Temp\ccFie6ps.ltrans0.ltrans.o
                0x20001ad4                m_wdt_event_handler.lto_priv.247
 .bss.m_evt_schedule_func.lto_priv.14
                0x20001ad8        0x4 C:\Users\calic\AppData\Local\Temp\ccFie6ps.ltrans0.ltrans.o
                0x20001ad8                m_evt_schedule_func.lto_priv.14
 .bss.m_softdevice_enabled.lto_priv.17
                0x20001adc        0x1 C:\Users\calic\AppData\Local\Temp\ccFie6ps.ltrans0.ltrans.o
                0x20001adc                m_softdevice_enabled.lto_priv.17
 .bss.m_suspended.lto_priv.13
                0x20001add        0x1 C:\Users\calic\AppData\Local\Temp\ccFie6ps.ltrans0.ltrans.o
                0x20001add                m_suspended.lto_priv.13
 *fill*         0x20001ade        0x2 
 .bss.mp_ble_evt_buffer.lto_priv.18
                0x20001ae0        0x4 C:\Users\calic\AppData\Local\Temp\ccFie6ps.ltrans0.ltrans.o
                0x20001ae0                mp_ble_evt_buffer.lto_priv.18
 .bss.m_ble_evt_buffer_size.lto_priv.19
                0x20001ae4        0x2 C:\Users\calic\AppData\Local\Temp\ccFie6ps.ltrans0.ltrans.o
                0x20001ae4                m_ble_evt_buffer_size.lto_priv.19
 *fill*         0x20001ae6        0x2 
 .bss.m_ble_evt_handler.lto_priv.16
                0x20001ae8        0x4 C:\Users\calic\AppData\Local\Temp\ccFie6ps.ltrans0.ltrans.o
                0x20001ae8                m_ble_evt_handler.lto_priv.16
 .bss.m_sys_evt_handler.lto_priv.15
                0x20001aec        0x4 C:\Users\calic\AppData\Local\Temp\ccFie6ps.ltrans0.ltrans.o
                0x20001aec                m_sys_evt_handler.lto_priv.15
 *(COMMON)
                0x20001af0                . = ALIGN (0x4)
                0x20001af0                __bss_end__ = .

.heap           0x20001af0        0x0
                0x20001af0                __HeapBase = .
                0x20001af0                __end__ = .
                [!provide]                PROVIDE (end, .)
 *(.heap*)
 .heap          0x20001af0        0x0 obj\teia_uwb_tag\gcc_startup_nrf52.o
                0x20001af0                __HeapLimit = .

.stack_dummy    0x20001af0     0x2000
 *(.stack*)
 .stack         0x20001af0     0x2000 obj\teia_uwb_tag\gcc_startup_nrf52.o
                0x20010000                __StackTop = (ORIGIN (RAM) + LENGTH (RAM))
                0x2000e000                __StackLimit = (__StackTop - SIZEOF (.stack_dummy))
                [!provide]                PROVIDE (__stack, __StackTop)
                0x00000001                ASSERT ((__StackLimit >= __HeapLimit), region RAM overflowed with stack)
OUTPUT(_build\Teia_UWB_TAG.elf elf32-littlearm)

.debug_info     0x00000000    0x1c02b
 .debug_info    0x00000000     0x3ceb C:\Users\calic\AppData\Local\Temp\ccFie6ps.ltrans0.ltrans.o
 .debug_info    0x00003ceb     0x2671 C:\Users\calic\AppData\Local\Temp\ccFie6ps.ltrans1.ltrans.o
 .debug_info    0x0000635c     0x4169 C:\Users\calic\AppData\Local\Temp\ccFie6ps.ltrans2.ltrans.o
 .debug_info    0x0000a4c5     0x2cb8 C:\Users\calic\AppData\Local\Temp\ccFie6ps.ltrans3.ltrans.o
 .debug_info    0x0000d17d     0x27c1 C:\Users\calic\AppData\Local\Temp\ccFie6ps.ltrans5.ltrans.o
 .debug_info    0x0000f93e     0x288e C:\Users\calic\AppData\Local\Temp\ccFie6ps.ltrans6.ltrans.o
 .debug_info    0x000121cc     0x1a03 C:\Users\calic\AppData\Local\Temp\ccFie6ps.ltrans7.ltrans.o
 .debug_info    0x00013bcf     0x285a C:\Users\calic\AppData\Local\Temp\ccFie6ps.ltrans8.ltrans.o
 .debug_info    0x00016429     0x2847 C:\Users\calic\AppData\Local\Temp\ccFie6ps.ltrans9.ltrans.o
 .debug_info    0x00018c70     0x3353 C:\Users\calic\AppData\Local\Temp\ccFie6ps.ltrans10.ltrans.o
 .debug_info    0x0001bfc3       0x68 obj\teia_uwb_tag\gcc_startup_nrf52.o

.debug_abbrev   0x00000000     0x2283
 .debug_abbrev  0x00000000      0x322 C:\Users\calic\AppData\Local\Temp\ccFie6ps.ltrans0.ltrans.o
 .debug_abbrev  0x00000322      0x381 C:\Users\calic\AppData\Local\Temp\ccFie6ps.ltrans1.ltrans.o
 .debug_abbrev  0x000006a3      0x41c C:\Users\calic\AppData\Local\Temp\ccFie6ps.ltrans2.ltrans.o
 .debug_abbrev  0x00000abf      0x35a C:\Users\calic\AppData\Local\Temp\ccFie6ps.ltrans3.ltrans.o
 .debug_abbrev  0x00000e19      0x2fb C:\Users\calic\AppData\Local\Temp\ccFie6ps.ltrans5.ltrans.o
 .debug_abbrev  0x00001114      0x35e C:\Users\calic\AppData\Local\Temp\ccFie6ps.ltrans6.ltrans.o
 .debug_abbrev  0x00001472      0x33e C:\Users\calic\AppData\Local\Temp\ccFie6ps.ltrans7.ltrans.o
 .debug_abbrev  0x000017b0      0x36f C:\Users\calic\AppData\Local\Temp\ccFie6ps.ltrans8.ltrans.o
 .debug_abbrev  0x00001b1f      0x3e9 C:\Users\calic\AppData\Local\Temp\ccFie6ps.ltrans9.ltrans.o
 .debug_abbrev  0x00001f08      0x367 C:\Users\calic\AppData\Local\Temp\ccFie6ps.ltrans10.ltrans.o
 .debug_abbrev  0x0000226f       0x14 obj\teia_uwb_tag\gcc_startup_nrf52.o

.debug_aranges  0x00000000     0x2580
 .debug_aranges
                0x00000000      0x218 C:\Users\calic\AppData\Local\Temp\ccFie6ps.ltrans0.ltrans.o
 .debug_aranges
                0x00000218      0x258 C:\Users\calic\AppData\Local\Temp\ccFie6ps.ltrans1.ltrans.o
 .debug_aranges
                0x00000470      0x5f8 C:\Users\calic\AppData\Local\Temp\ccFie6ps.ltrans2.ltrans.o
 .debug_aranges
                0x00000a68      0x520 C:\Users\calic\AppData\Local\Temp\ccFie6ps.ltrans3.ltrans.o
 .debug_aranges
                0x00000f88      0x240 C:\Users\calic\AppData\Local\Temp\ccFie6ps.ltrans5.ltrans.o
 .debug_aranges
                0x000011c8      0x430 C:\Users\calic\AppData\Local\Temp\ccFie6ps.ltrans6.ltrans.o
 .debug_aranges
                0x000015f8      0x1c8 C:\Users\calic\AppData\Local\Temp\ccFie6ps.ltrans7.ltrans.o
 .debug_aranges
                0x000017c0      0x3f0 C:\Users\calic\AppData\Local\Temp\ccFie6ps.ltrans8.ltrans.o
 .debug_aranges
                0x00001bb0      0x540 C:\Users\calic\AppData\Local\Temp\ccFie6ps.ltrans9.ltrans.o
 .debug_aranges
                0x000020f0      0x470 C:\Users\calic\AppData\Local\Temp\ccFie6ps.ltrans10.ltrans.o
 .debug_aranges
                0x00002560       0x20 obj\teia_uwb_tag\gcc_startup_nrf52.o

.debug_ranges   0x00000000     0x2508
 .debug_ranges  0x00000000      0x208 C:\Users\calic\AppData\Local\Temp\ccFie6ps.ltrans0.ltrans.o
 .debug_ranges  0x00000208      0x278 C:\Users\calic\AppData\Local\Temp\ccFie6ps.ltrans1.ltrans.o
 .debug_ranges  0x00000480      0x5e8 C:\Users\calic\AppData\Local\Temp\ccFie6ps.ltrans2.ltrans.o
 .debug_ranges  0x00000a68      0x528 C:\Users\calic\AppData\Local\Temp\ccFie6ps.ltrans3.ltrans.o
 .debug_ranges  0x00000f90      0x230 C:\Users\calic\AppData\Local\Temp\ccFie6ps.ltrans5.ltrans.o
 .debug_ranges  0x000011c0      0x420 C:\Users\calic\AppData\Local\Temp\ccFie6ps.ltrans6.ltrans.o
 .debug_ranges  0x000015e0      0x1b8 C:\Users\calic\AppData\Local\Temp\ccFie6ps.ltrans7.ltrans.o
 .debug_ranges  0x00001798      0x3e0 C:\Users\calic\AppData\Local\Temp\ccFie6ps.ltrans8.ltrans.o
 .debug_ranges  0x00001b78      0x530 C:\Users\calic\AppData\Local\Temp\ccFie6ps.ltrans9.ltrans.o
 .debug_ranges  0x000020a8      0x460 C:\Users\calic\AppData\Local\Temp\ccFie6ps.ltrans10.ltrans.o

.debug_line     0x00000000     0x8518
 .debug_line    0x00000000      0xcb9 C:\Users\calic\AppData\Local\Temp\ccFie6ps.ltrans0.ltrans.o
 .debug_line    0x00000cb9      0xa4e C:\Users\calic\AppData\Local\Temp\ccFie6ps.ltrans1.ltrans.o
 .debug_line    0x00001707     0x128c C:\Users\calic\AppData\Local\Temp\ccFie6ps.ltrans2.ltrans.o
 .debug_line    0x00002993     0x1023 C:\Users\calic\AppData\Local\Temp\ccFie6ps.ltrans3.ltrans.o
 .debug_line    0x000039b6      0x90a C:\Users\calic\AppData\Local\Temp\ccFie6ps.ltrans5.ltrans.o
 .debug_line    0x000042c0      0xddc C:\Users\calic\AppData\Local\Temp\ccFie6ps.ltrans6.ltrans.o
 .debug_line    0x0000509c      0x7eb C:\Users\calic\AppData\Local\Temp\ccFie6ps.ltrans7.ltrans.o
 .debug_line    0x00005887      0xdeb C:\Users\calic\AppData\Local\Temp\ccFie6ps.ltrans8.ltrans.o
 .debug_line    0x00006672     0x1098 C:\Users\calic\AppData\Local\Temp\ccFie6ps.ltrans9.ltrans.o
 .debug_line    0x0000770a      0xd98 C:\Users\calic\AppData\Local\Temp\ccFie6ps.ltrans10.ltrans.o
 .debug_line    0x000084a2       0x76 obj\teia_uwb_tag\gcc_startup_nrf52.o

.debug_str      0x00000000     0x9d61
 .debug_str     0x00000000     0x2d9a C:\Users\calic\AppData\Local\Temp\ccFie6ps.ltrans0.ltrans.o
                               0x2fe7 (size before relaxing)
 .debug_str     0x00002d9a      0x7cf C:\Users\calic\AppData\Local\Temp\ccFie6ps.ltrans1.ltrans.o
                               0x206d (size before relaxing)
 .debug_str     0x00003569     0x19a0 C:\Users\calic\AppData\Local\Temp\ccFie6ps.ltrans2.ltrans.o
                               0x2f48 (size before relaxing)
 .debug_str     0x00004f09      0x489 C:\Users\calic\AppData\Local\Temp\ccFie6ps.ltrans3.ltrans.o
                               0x162a (size before relaxing)
 .debug_str     0x00005392     0x16bf C:\Users\calic\AppData\Local\Temp\ccFie6ps.ltrans5.ltrans.o
                               0x2461 (size before relaxing)
 .debug_str     0x00006a51      0xa37 C:\Users\calic\AppData\Local\Temp\ccFie6ps.ltrans6.ltrans.o
                               0x1dde (size before relaxing)
 .debug_str     0x00007488      0xae0 C:\Users\calic\AppData\Local\Temp\ccFie6ps.ltrans7.ltrans.o
                               0x1ded (size before relaxing)
 .debug_str     0x00007f68      0xdf9 C:\Users\calic\AppData\Local\Temp\ccFie6ps.ltrans8.ltrans.o
                               0x272d (size before relaxing)
 .debug_str     0x00008d61      0xb5b C:\Users\calic\AppData\Local\Temp\ccFie6ps.ltrans9.ltrans.o
                               0x21ef (size before relaxing)
 .debug_str     0x000098bc      0x4a5 C:\Users\calic\AppData\Local\Temp\ccFie6ps.ltrans10.ltrans.o
                               0x2a7a (size before relaxing)

.comment        0x00000000       0x6e
 .comment       0x00000000       0x6e C:\Users\calic\AppData\Local\Temp\ccFie6ps.ltrans0.ltrans.o
                                 0x6f (size before relaxing)
 .comment       0x0000006e       0x6f C:\Users\calic\AppData\Local\Temp\ccFie6ps.ltrans1.ltrans.o
 .comment       0x0000006e       0x6f C:\Users\calic\AppData\Local\Temp\ccFie6ps.ltrans2.ltrans.o
 .comment       0x0000006e       0x6f C:\Users\calic\AppData\Local\Temp\ccFie6ps.ltrans3.ltrans.o
 .comment       0x0000006e       0x6f C:\Users\calic\AppData\Local\Temp\ccFie6ps.ltrans5.ltrans.o
 .comment       0x0000006e       0x6f C:\Users\calic\AppData\Local\Temp\ccFie6ps.ltrans6.ltrans.o
 .comment       0x0000006e       0x6f C:\Users\calic\AppData\Local\Temp\ccFie6ps.ltrans7.ltrans.o
 .comment       0x0000006e       0x6f C:\Users\calic\AppData\Local\Temp\ccFie6ps.ltrans8.ltrans.o
 .comment       0x0000006e       0x6f C:\Users\calic\AppData\Local\Temp\ccFie6ps.ltrans9.ltrans.o
 .comment       0x0000006e       0x6f C:\Users\calic\AppData\Local\Temp\ccFie6ps.ltrans10.ltrans.o

.ARM.attributes
                0x00000000       0x35
 .ARM.attributes
                0x00000000       0x31 C:\Users\calic\AppData\Local\Temp\ccFie6ps.ltrans0.ltrans.o
 .ARM.attributes
                0x00000031       0x31 C:\Users\calic\AppData\Local\Temp\ccFie6ps.ltrans1.ltrans.o
 .ARM.attributes
                0x00000062       0x31 C:\Users\calic\AppData\Local\Temp\ccFie6ps.ltrans2.ltrans.o
 .ARM.attributes
                0x00000093       0x31 C:\Users\calic\AppData\Local\Temp\ccFie6ps.ltrans3.ltrans.o
 .ARM.attributes
                0x000000c4       0x31 C:\Users\calic\AppData\Local\Temp\ccFie6ps.ltrans5.ltrans.o
 .ARM.attributes
                0x000000f5       0x31 C:\Users\calic\AppData\Local\Temp\ccFie6ps.ltrans6.ltrans.o
 .ARM.attributes
                0x00000126       0x31 C:\Users\calic\AppData\Local\Temp\ccFie6ps.ltrans7.ltrans.o
 .ARM.attributes
                0x00000157       0x31 C:\Users\calic\AppData\Local\Temp\ccFie6ps.ltrans8.ltrans.o
 .ARM.attributes
                0x00000188       0x31 C:\Users\calic\AppData\Local\Temp\ccFie6ps.ltrans9.ltrans.o
 .ARM.attributes
                0x000001b9       0x31 C:\Users\calic\AppData\Local\Temp\ccFie6ps.ltrans10.ltrans.o
 .ARM.attributes
                0x000001ea       0x20 obj\teia_uwb_tag\gcc_startup_nrf52.o

.debug_frame    0x00000000     0x58b4
 .debug_frame   0x00000000      0x500 C:\Users\calic\AppData\Local\Temp\ccFie6ps.ltrans0.ltrans.o
 .debug_frame   0x00000500      0x550 C:\Users\calic\AppData\Local\Temp\ccFie6ps.ltrans1.ltrans.o
 .debug_frame   0x00000a50      0xcb0 C:\Users\calic\AppData\Local\Temp\ccFie6ps.ltrans2.ltrans.o
 .debug_frame   0x00001700      0xb5c C:\Users\calic\AppData\Local\Temp\ccFie6ps.ltrans3.ltrans.o
 .debug_frame   0x0000225c      0x6ec C:\Users\calic\AppData\Local\Temp\ccFie6ps.ltrans5.ltrans.o
 .debug_frame   0x00002948      0x9f0 C:\Users\calic\AppData\Local\Temp\ccFie6ps.ltrans6.ltrans.o
 .debug_frame   0x00003338      0x4b0 C:\Users\calic\AppData\Local\Temp\ccFie6ps.ltrans7.ltrans.o
 .debug_frame   0x000037e8      0xa04 C:\Users\calic\AppData\Local\Temp\ccFie6ps.ltrans8.ltrans.o
 .debug_frame   0x000041ec      0xd70 C:\Users\calic\AppData\Local\Temp\ccFie6ps.ltrans9.ltrans.o
 .debug_frame   0x00004f5c      0x958 C:\Users\calic\AppData\Local\Temp\ccFie6ps.ltrans10.ltrans.o
